
Copyright (C) 1994-2021 Synopsys, Inc.
This Synopsys software and all associated documentation are proprietary to Synopsys, Inc.
and may only be used pursuant to the terms and conditions of a written license agreement
with Synopsys, Inc. All other use, reproduction, modification, or distribution of the
Synopsys software or the associated documentation is strictly prohibited.
Tool: Synplify Pro (R)
Build: R-2021.03L-SP1
Install: C:\lscc\diamond\3.12\synpbase
OS: Windows 6.2

Hostname: EDAWIN

Implementation : dataSourcesController

# Written on Mon Sep  4 18:05:53 2023

##### DESIGN INFO #######################################################

Top View:                "data_sources"
Constraint File(s):      (none)




##### SUMMARY ############################################################

Found 0 issues in 0 out of 0 constraints


##### DETAILS ############################################################



Clock Relationships
*******************

Starting     Ending     |     rise to rise     |     fall to fall     |     rise to fall     |     fall to rise                     
-----------------------------------------------------------------------------------------------------------------------------------
===================================================================================================================================
 Note: 'No paths' indicates there are no paths in the design for that pair of clock edges.
       'Diff grp' indicates that paths exist but the starting clock and ending clock are in different clock groups.


Unconstrained Start/End Points
******************************

p:ABUS_SOURCEX[0]
p:ABUS_SOURCEX[1]
p:ABUS_SOURCEX[2]
p:ALU_A[0]
p:ALU_A[1]
p:ALU_A[2]
p:ALU_A[3]
p:ALU_A[4]
p:ALU_A[5]
p:ALU_A[6]
p:ALU_A[7]
p:ALU_A[8]
p:ALU_A[9]
p:ALU_A[10]
p:ALU_A[11]
p:ALU_A[12]
p:ALU_A[13]
p:ALU_A[14]
p:ALU_A[15]
p:ALU_A_SOURCEX[0]
p:ALU_A_SOURCEX[1]
p:ALU_A_SOURCEX[2]
p:ALU_B[0]
p:ALU_B[1]
p:ALU_B[2]
p:ALU_B[3]
p:ALU_B[4]
p:ALU_B[5]
p:ALU_B[6]
p:ALU_B[7]
p:ALU_B[8]
p:ALU_B[9]
p:ALU_B[10]
p:ALU_B[11]
p:ALU_B[12]
p:ALU_B[13]
p:ALU_B[14]
p:ALU_B[15]
p:ALU_B_SOURCEX[0]
p:ALU_B_SOURCEX[1]
p:ALU_B_SOURCEX[2]
p:AOUT[0]
p:AOUT[1]
p:AOUT[2]
p:AOUT[3]
p:AOUT[4]
p:AOUT[5]
p:AOUT[6]
p:AOUT[7]
p:AOUT[8]
p:AOUT[9]
p:AOUT[10]
p:AOUT[11]
p:AOUT[12]
p:AOUT[13]
p:AOUT[14]
p:AOUT[15]
p:ARG_A[0]
p:ARG_A[1]
p:ARG_A[2]
p:ARG_A[3]
p:ARG_B[0]
p:ARG_B[1]
p:ARG_B[2]
p:ARG_B[3]
p:DBUS_SOURCEX[0]
p:DBUS_SOURCEX[1]
p:DBUS_SOURCEX[2]
p:DIN[0]
p:DIN[1]
p:DIN[2]
p:DIN[3]
p:DIN[4]
p:DIN[5]
p:DIN[6]
p:DIN[7]
p:DIN[8]
p:DIN[9]
p:DIN[10]
p:DIN[11]
p:DIN[12]
p:DIN[13]
p:DIN[14]
p:DIN[15]
p:DOUT[0]
p:DOUT[1]
p:DOUT[2]
p:DOUT[3]
p:DOUT[4]
p:DOUT[5]
p:DOUT[6]
p:DOUT[7]
p:DOUT[8]
p:DOUT[9]
p:DOUT[10]
p:DOUT[11]
p:DOUT[12]
p:DOUT[13]
p:DOUT[14]
p:DOUT[15]
p:REG_A[0]
p:REG_A[1]
p:REG_A[2]
p:REG_A[3]
p:REG_A[4]
p:REG_A[5]
p:REG_A[6]
p:REG_A[7]
p:REG_A[8]
p:REG_A[9]
p:REG_A[10]
p:REG_A[11]
p:REG_A[12]
p:REG_A[13]
p:REG_A[14]
p:REG_A[15]
p:REG_B[0]
p:REG_B[1]
p:REG_B[2]
p:REG_B[3]
p:REG_B[4]
p:REG_B[5]
p:REG_B[6]
p:REG_B[7]
p:REG_B[8]
p:REG_B[9]
p:REG_B[10]
p:REG_B[11]
p:REG_B[12]
p:REG_B[13]
p:REG_B[14]
p:REG_B[15]
p:REG_I[0]
p:REG_I[1]
p:REG_I[2]
p:REG_I[3]
p:REG_I[4]
p:REG_I[5]
p:REG_I[6]
p:REG_I[7]
p:REG_I[8]
p:REG_I[9]
p:REG_I[10]
p:REG_I[11]
p:REG_I[12]
p:REG_I[13]
p:REG_I[14]
p:REG_I[15]
p:REG_I_SOURCEX[0]
p:REG_I_SOURCEX[1]
p:REG_I_SOURCEX[2]


Inapplicable constraints
************************

(none)


Applicable constraints with issues
**********************************

(none)


Constraints with matching wildcard expressions
**********************************************

(none)


Library Report
**************


# End of Constraint Checker Report
