
Copyright (C) 1994-2021 Synopsys, Inc.
This Synopsys software and all associated documentation are proprietary to Synopsys, Inc.
and may only be used pursuant to the terms and conditions of a written license agreement
with Synopsys, Inc. All other use, reproduction, modification, or distribution of the
Synopsys software or the associated documentation is strictly prohibited.
Tool: Synplify Pro (R)
Build: R-2021.03L-SP1
Install: C:\lscc\diamond\3.12\synpbase
OS: Windows 6.2

Hostname: EDAWIN

Implementation : impl1
Synopsys HDL compiler and linker, Version comp202103synp2, Build 093R, Built Aug 10 2021 09:15:36, @

Modified Files: 17
FID:  path (prevtimestamp, timestamp)
0        C:/Users/Duncan/git/ForthCPU/constants.v (2023-12-14 18:15:43, 2023-12-16 16:47:45)
64       C:\Users\Duncan\git\ForthCPU\./testSetup.v (2023-12-16 13:57:08, 2023-12-16 16:14:17)
2        C:\Users\Duncan\git\ForthCPU\UART\source\../../constants.v (2023-12-14 18:15:43, 2023-12-16 16:47:45)
11       C:\Users\Duncan\git\ForthCPU\bootROM\source\rom.v (2023-12-16 14:51:56, 2023-12-16 17:45:22)
13       C:\Users\Duncan\git\ForthCPU\busController\source\../../constants.v (2023-12-14 18:15:43, 2023-12-16 16:47:45)
15       C:\Users\Duncan\git\ForthCPU\constants.v (2023-12-14 18:15:43, 2023-12-16 16:47:45)
50       C:\Users\Duncan\git\ForthCPU\debugPort\source\debugDecoder.v (2023-12-15 15:46:22, 2023-12-16 17:02:20)
51       C:\Users\Duncan\git\ForthCPU\debugPort\source\debugPort.v (2023-12-15 16:24:27, 2023-12-16 17:29:03)
58       C:\Users\Duncan\git\ForthCPU\debugPort\source\debugSequencer.v (2023-12-10 14:24:20, 2023-12-16 17:27:32)
44       C:\Users\Duncan\git\ForthCPU\impl1\test\../../constants.v (2023-12-14 18:15:43, 2023-12-16 16:47:45)
45       C:\Users\Duncan\git\ForthCPU\impl1\test\../../testSetup.v (2023-12-16 13:57:08, 2023-12-16 16:14:17)
20       C:\Users\Duncan\git\ForthCPU\interruptLogic\source\../../constants.v (2023-12-14 18:15:43, 2023-12-16 16:47:45)
25       C:\Users\Duncan\git\ForthCPU\mcuResources\source\../../constants.v (2023-12-14 18:15:43, 2023-12-16 16:47:45)
27       C:\Users\Duncan\git\ForthCPU\memoryMapper\source\../../constants.v (2023-12-14 18:15:43, 2023-12-16 16:47:45)
29       C:\Users\Duncan\git\ForthCPU\opxMultiplexer\source\../../constants.v (2023-12-14 18:15:43, 2023-12-16 16:47:45)
32       C:\Users\Duncan\git\ForthCPU\processorCore\source\core.v (2023-12-16 14:37:28, 2023-12-16 17:27:53)
63       C:\Users\Duncan\git\ForthCPU\testSetup.v (2023-12-16 13:57:08, 2023-12-16 16:14:17)

*******************************************************************
Modules that may have changed as a result of file changes: 35
MID:  lib.cell.view
0        work.RAM.verilog may have changed because the following files changed:
                        C:/Users/Duncan/git/ForthCPU/constants.v (2023-12-14 18:15:43, 2023-12-16 16:47:45) <-- Error finding FID for 'C:/Users/Duncan/git/ForthCPU/constants.v' in FDep file
1        work.UART.verilog may have changed because the following files changed:
                        C:/Users/Duncan/git/ForthCPU/constants.v (2023-12-14 18:15:43, 2023-12-16 16:47:45) <-- Error finding FID for 'C:/Users/Duncan/git/ForthCPU/constants.v' in FDep file
2        work.UART_RX.verilog may have changed because the following files changed:
                        C:/Users/Duncan/git/ForthCPU/constants.v (2023-12-14 18:15:43, 2023-12-16 16:47:45) <-- Error finding FID for 'C:/Users/Duncan/git/ForthCPU/constants.v' in FDep file
3        work.UART_TX.verilog may have changed because the following files changed:
                        C:/Users/Duncan/git/ForthCPU/constants.v (2023-12-14 18:15:43, 2023-12-16 16:47:45) <-- Error finding FID for 'C:/Users/Duncan/git/ForthCPU/constants.v' in FDep file
4        work.alu.verilog may have changed because the following files changed:
                        C:\Users\Duncan\git\ForthCPU\processorCore\source\core.v (2023-12-16 14:37:28, 2023-12-16 17:27:53) <-- (may instantiate this module)
5        work.aluAMux.verilog may have changed because the following files changed:
                        C:\Users\Duncan\git\ForthCPU\processorCore\source\core.v (2023-12-16 14:37:28, 2023-12-16 17:27:53) <-- (may instantiate this module)
6        work.aluBMux.verilog may have changed because the following files changed:
                        C:\Users\Duncan\git\ForthCPU\bootROM\source\rom.v (2023-12-16 14:51:56, 2023-12-16 17:45:22) <-- (module definition)
                        C:\Users\Duncan\git\ForthCPU\processorCore\source\core.v (2023-12-16 14:37:28, 2023-12-16 17:27:53) <-- (may instantiate this module)
7        work.aluGroupDecoder.verilog may have changed because the following files changed:
                        C:\Users\Duncan\git\ForthCPU\processorCore\source\core.v (2023-12-16 14:37:28, 2023-12-16 17:27:53) <-- (may instantiate this module)
8        work.branchLogic.verilog may have changed because the following files changed:
                        C:\Users\Duncan\git\ForthCPU\debugPort\source\debugPort.v (2023-12-15 16:24:27, 2023-12-16 17:29:03) <-- (module definition)
9        work.busController.verilog may have changed because the following files changed:
                        C:\Users\Duncan\git\ForthCPU\processorCore\source\core.v (2023-12-16 14:37:28, 2023-12-16 17:27:53) <-- (may instantiate this module)
32       work.busSequencer.verilog may have changed because the following files changed:
                        C:\Users\Duncan\git\ForthCPU\debugPort\source\debugSequencer.v (2023-12-10 14:24:20, 2023-12-16 17:27:32) <-- (module definition)
                        C:\Users\Duncan\git\ForthCPU\processorCore\source\core.v (2023-12-16 14:37:28, 2023-12-16 17:27:53) <-- (may instantiate this module)
30       work.ccRegisters.verilog may have changed because the following files changed:
                        C:\Users\Duncan\git\ForthCPU\processorCore\source\core.v (2023-12-16 14:37:28, 2023-12-16 17:27:53) <-- (may instantiate this module)
10       work.core.verilog may have changed because the following files changed:
                        C:\Users\Duncan\git\ForthCPU\processorCore\source\core.v (2023-12-16 14:37:28, 2023-12-16 17:27:53) <-- (module definition)
33       work.debugDecoder.verilog may have changed because the following files changed:
                        C:\Users\Duncan\git\ForthCPU\processorCore\source\core.v (2023-12-16 14:37:28, 2023-12-16 17:27:53) <-- (may instantiate this module)
34       work.debugPort.verilog may have changed because the following files changed:
                        C:\Users\Duncan\git\ForthCPU\processorCore\source\core.v (2023-12-16 14:37:28, 2023-12-16 17:27:53) <-- (may instantiate this module)
41       work.debugSequencer.verilog may have changed because the following files changed:
                        C:\Users\Duncan\git\ForthCPU\processorCore\source\core.v (2023-12-16 14:37:28, 2023-12-16 17:27:53) <-- (may instantiate this module)
12       work.fullALU.verilog may have changed because the following files changed:
                        C:\Users\Duncan\git\ForthCPU\processorCore\source\core.v (2023-12-16 14:37:28, 2023-12-16 17:27:53) <-- (may instantiate this module)
13       work.generalGroupDecoder.verilog may have changed because the following files changed:
                        C:\Users\Duncan\git\ForthCPU\processorCore\source\core.v (2023-12-16 14:37:28, 2023-12-16 17:27:53) <-- (may instantiate this module)
42       work.instructionLatch.verilog may have changed because the following files changed:
                        C:\Users\Duncan\git\ForthCPU\processorCore\source\core.v (2023-12-16 14:37:28, 2023-12-16 17:27:53) <-- (may instantiate this module)
14       work.instructionPhaseDecoder.verilog may have changed because the following files changed:
                        C:\Users\Duncan\git\ForthCPU\processorCore\source\core.v (2023-12-16 14:37:28, 2023-12-16 17:27:53) <-- (may instantiate this module)
16       work.interruptStateMachine.verilog may have changed because the following files changed:
                        C:\Users\Duncan\git\ForthCPU\processorCore\source\core.v (2023-12-16 14:37:28, 2023-12-16 17:27:53) <-- (may instantiate this module)
17       work.jumpGroupDecoder.verilog may have changed because the following files changed:
                        C:\Users\Duncan\git\ForthCPU\processorCore\source\core.v (2023-12-16 14:37:28, 2023-12-16 17:27:53) <-- (may instantiate this module)
18       work.loadStoreGroupDecoder.verilog may have changed because the following files changed:
                        C:\Users\Duncan\git\ForthCPU\processorCore\source\core.v (2023-12-16 14:37:28, 2023-12-16 17:27:53) <-- (may instantiate this module)
35       work.oneOfEightDecoder.verilog may have changed because the following files changed:
                        C:\Users\Duncan\git\ForthCPU\processorCore\source\core.v (2023-12-16 14:37:28, 2023-12-16 17:27:53) <-- (may instantiate this module)
22       work.opxMultiplexer.verilog may have changed because the following files changed:
                        C:\Users\Duncan\git\ForthCPU\processorCore\source\core.v (2023-12-16 14:37:28, 2023-12-16 17:27:53) <-- (may instantiate this module)
24       work.programCounter.verilog may have changed because the following files changed:
                        C:/Users/Duncan/git/ForthCPU/constants.v (2023-12-14 18:15:43, 2023-12-16 16:47:45) <-- Error finding FID for 'C:/Users/Duncan/git/ForthCPU/constants.v' in FDep file
                        C:\Users\Duncan\git\ForthCPU\processorCore\source\core.v (2023-12-16 14:37:28, 2023-12-16 17:27:53) <-- (may instantiate this module)
36       work.register.verilog may have changed because the following files changed:
                        C:\Users\Duncan\git\ForthCPU\processorCore\source\core.v (2023-12-16 14:37:28, 2023-12-16 17:27:53) <-- (may instantiate this module)
25       work.registerFile.verilog may have changed because the following files changed:
                        C:/Users/Duncan/git/ForthCPU/constants.v (2023-12-14 18:15:43, 2023-12-16 16:47:45) <-- Error finding FID for 'C:/Users/Duncan/git/ForthCPU/constants.v' in FDep file
                        C:\Users\Duncan\git\ForthCPU\processorCore\source\core.v (2023-12-16 14:37:28, 2023-12-16 17:27:53) <-- (may instantiate this module)
31       work.registerSequencer.verilog may have changed because the following files changed:
                        C:/Users/Duncan/git/ForthCPU/constants.v (2023-12-14 18:15:43, 2023-12-16 16:47:45) <-- Error finding FID for 'C:/Users/Duncan/git/ForthCPU/constants.v' in FDep file
                        C:\Users\Duncan\git\ForthCPU\processorCore\source\core.v (2023-12-16 14:37:28, 2023-12-16 17:27:53) <-- (may instantiate this module)
26       work.registers.verilog may have changed because the following files changed:
                        C:/Users/Duncan/git/ForthCPU/constants.v (2023-12-14 18:15:43, 2023-12-16 16:47:45) <-- Error finding FID for 'C:/Users/Duncan/git/ForthCPU/constants.v' in FDep file
                        C:\Users\Duncan\git\ForthCPU\processorCore\source\core.v (2023-12-16 14:37:28, 2023-12-16 17:27:53) <-- (may instantiate this module)
37       work.requestGenerator.verilog may have changed because the following files changed:
                        C:\Users\Duncan\git\ForthCPU\processorCore\source\core.v (2023-12-16 14:37:28, 2023-12-16 17:27:53) <-- (may instantiate this module)
27       work.rom.verilog may have changed because the following files changed:
                        C:\Users\Duncan\git\ForthCPU\debugPort\source\debugDecoder.v (2023-12-15 15:46:22, 2023-12-16 17:02:20) <-- (module definition)
43       work.synchronizedCounter.verilog may have changed because the following files changed:
                        C:\Users\Duncan\git\ForthCPU\processorCore\source\core.v (2023-12-16 14:37:28, 2023-12-16 17:27:53) <-- (may instantiate this module)
44       work.synchronizer.verilog may have changed because the following files changed:
                        C:\Users\Duncan\git\ForthCPU\processorCore\source\core.v (2023-12-16 14:37:28, 2023-12-16 17:27:53) <-- (may instantiate this module)
40       work.transparentLatch.verilog may have changed because the following files changed:
                        C:\Users\Duncan\git\ForthCPU\testSetup.v (2023-12-16 13:57:08, 2023-12-16 16:14:17) <-- (module definition)

*******************************************************************
Unmodified files: 43
FID:  path (timestamp)
1        C:\Users\Duncan\git\ForthCPU\RAM\source\RAM.v (2023-12-02 17:43:06)
3        C:\Users\Duncan\git\ForthCPU\UART\source\UART.v (2023-12-13 09:56:04)
4        C:\Users\Duncan\git\ForthCPU\UART\source\receiver.v (2023-10-26 19:24:23)
5        C:\Users\Duncan\git\ForthCPU\UART\source\transmitter.v (2023-10-27 19:03:26)
6        C:\Users\Duncan\git\ForthCPU\aluB\source\alu.v (2023-11-15 19:08:31)
7        C:\Users\Duncan\git\ForthCPU\aluB\source\aluAMux.v (2023-11-09 22:24:23)
8        C:\Users\Duncan\git\ForthCPU\aluB\source\aluBMux.v (2023-11-10 16:14:49)
47       C:\Users\Duncan\git\ForthCPU\aluB\source\ccRegisters.v (2023-11-14 18:51:47)
9        C:\Users\Duncan\git\ForthCPU\aluB\source\fullALU.v (2023-11-14 18:52:43)
10       C:\Users\Duncan\git\ForthCPU\aluGroupDecoder\source\aluGroupDecoder.v (2023-12-13 09:54:03)
12       C:\Users\Duncan\git\ForthCPU\branchLogic\source\branchLogic.v (2023-11-02 15:54:48)
14       C:\Users\Duncan\git\ForthCPU\busController\source\busController.v (2023-12-13 09:41:06)
49       C:\Users\Duncan\git\ForthCPU\busController\source\busSequencer.v (2023-12-14 23:55:12)
52       C:\Users\Duncan\git\ForthCPU\debugPort\source\oneOfEightDecoder.v (2023-11-20 20:19:45)
53       C:\Users\Duncan\git\ForthCPU\debugPort\source\register.v (2023-11-22 10:42:51)
54       C:\Users\Duncan\git\ForthCPU\debugPort\source\requestGenerator.v (2023-12-09 17:49:15)
59       C:\Users\Duncan\git\ForthCPU\debugPort\source\synchronizedCounter.v (2023-12-08 20:18:51)
60       C:\Users\Duncan\git\ForthCPU\debugPort\source\synchronizer.v (2023-12-09 18:06:11)
56       C:\Users\Duncan\git\ForthCPU\debugPort\source\upCounter.v (2023-12-02 16:57:28)
17       C:\Users\Duncan\git\ForthCPU\generalGroupDecoder\source\generalGroupDecoder.v (2023-11-26 21:48:47)
18       C:\Users\Duncan\git\ForthCPU\impl1\source\mcu.v (2023-12-13 22:50:42)
46       C:\Users\Duncan\git\ForthCPU\impl1\test\blinkTest.v (2023-12-15 22:54:40)
61       C:\Users\Duncan\git\ForthCPU\instructionLatch\source\instructionLatch.v (2023-12-15 16:22:05)
19       C:\Users\Duncan\git\ForthCPU\instructionPhaseDecoder\source\instructionPhaseDecoder.v (2023-12-14 23:38:01)
62       C:\Users\Duncan\git\ForthCPU\instructionTestSetup.v (2023-12-16 13:37:42)
21       C:\Users\Duncan\git\ForthCPU\interruptLogic\source\interruptMaskRegister.v (2023-10-31 10:38:07)
22       C:\Users\Duncan\git\ForthCPU\interruptLogic\source\interruptStateMachine.v (2023-11-12 12:05:39)
23       C:\Users\Duncan\git\ForthCPU\jumpGroupDecoder\source\jumpGroupDecoder.v (2023-11-25 12:38:41)
24       C:\Users\Duncan\git\ForthCPU\loadStoreGroupDecoder\source\loadStoreGroupDecoder.v (2023-11-28 17:03:13)
26       C:\Users\Duncan\git\ForthCPU\mcuResources\source\mcuResources.v (2023-12-16 14:52:44)
28       C:\Users\Duncan\git\ForthCPU\memoryMapper\source\memoryMapper.v (2023-11-09 15:06:41)
30       C:\Users\Duncan\git\ForthCPU\opxMultiplexer\source\opxMultiplexer.v (2023-12-14 18:08:31)
57       C:\Users\Duncan\git\ForthCPU\processorCore\source\transparentLatch.v (2023-12-03 17:13:26)
33       C:\Users\Duncan\git\ForthCPU\programCounter\source\programCounter.v (2023-12-14 23:49:27)
34       C:\Users\Duncan\git\ForthCPU\registerFileB\source\registerFile.v (2023-11-09 22:58:57)
35       C:\Users\Duncan\git\ForthCPU\registerFileB\source\registers.v (2023-10-30 15:49:58)
48       C:\Users\Duncan\git\ForthCPU\registerSequencer\source\registerSequencer.v (2023-12-04 12:27:32)
36       C:\lscc\diamond\3.12\synpbase\lib\lucent\machxo3l.v (2021-08-10 09:11:08)
37       C:\lscc\diamond\3.12\synpbase\lib\lucent\pmi_def.v (2021-08-10 09:11:08)
38       C:\lscc\diamond\3.12\synpbase\lib\vlog\hypermods.v (2021-08-10 09:07:02)
39       C:\lscc\diamond\3.12\synpbase\lib\vlog\scemi_objects.v (2021-08-10 09:07:02)
40       C:\lscc\diamond\3.12\synpbase\lib\vlog\scemi_pipes.svh (2021-08-10 09:07:02)
41       C:\lscc\diamond\3.12\synpbase\lib\vlog\umr_capim.v (2021-08-10 09:07:02)

*******************************************************************
Unchanged modules: 6
MID:  lib.cell.view
29       work.blinkTests.verilog
15       work.interruptMaskRegister.verilog
19       work.mcu.verilog
20       work.mcuResources.verilog
21       work.memoryMapper.verilog
39       work.upCounter.verilog
