
Copyright (C) 1994-2021 Synopsys, Inc.
This Synopsys software and all associated documentation are proprietary to Synopsys, Inc.
and may only be used pursuant to the terms and conditions of a written license agreement
with Synopsys, Inc. All other use, reproduction, modification, or distribution of the
Synopsys software or the associated documentation is strictly prohibited.
Tool: Synplify Pro (R)
Build: R-2021.03L-SP1
Install: C:\lscc\diamond\3.12\synpbase
OS: Windows 6.2

Hostname: EDAWIN

Implementation : impl1
Synopsys HDL compiler and linker, Version comp202103synp2, Build 093R, Built Aug 10 2021 09:15:36, @

Modified Files: 0
FID:  path (prevtimestamp, timestamp)

*******************************************************************
Modules that may have changed as a result of file changes: 0
MID:  lib.cell.view

*******************************************************************
Unmodified files: 12
FID:  path (timestamp)
0        C:\Users\Duncan\git\ForthCPU\impl1\source\alu.v (2023-08-27 18:11:39)
1        C:\Users\Duncan\git\ForthCPU\impl1\source\data_sources.v (2023-08-27 19:04:47)
2        C:\Users\Duncan\git\ForthCPU\impl1\source\multiplier.v (2023-08-27 16:52:09)
3        C:\Users\Duncan\git\ForthCPU\impl1\source\registers.v (2023-08-27 18:25:34)
10       C:\Users\Duncan\git\ForthCPU\register.v (2023-08-28 12:53:45)
12       C:\Users\Duncan\git\ForthCPU\register_file.v (2023-08-28 13:24:01)
4        C:\lscc\diamond\3.12\synpbase\lib\lucent\machxo3l.v (2021-08-10 09:11:08)
5        C:\lscc\diamond\3.12\synpbase\lib\lucent\pmi_def.v (2021-08-10 09:11:08)
6        C:\lscc\diamond\3.12\synpbase\lib\vlog\hypermods.v (2021-08-10 09:07:02)
7        C:\lscc\diamond\3.12\synpbase\lib\vlog\scemi_objects.v (2021-08-10 09:07:02)
8        C:\lscc\diamond\3.12\synpbase\lib\vlog\scemi_pipes.svh (2021-08-10 09:07:02)
9        C:\lscc\diamond\3.12\synpbase\lib\vlog\umr_capim.v (2021-08-10 09:07:02)

*******************************************************************
Unchanged modules: 6
MID:  lib.cell.view
0        work.alu.verilog
1        work.data_sources.verilog
2        work.multiplier.verilog
4        work.register.verilog
6        work.register_file.verilog
3        work.registers.verilog
