
Copyright (C) 1994-2021 Synopsys, Inc.
This Synopsys software and all associated documentation are proprietary to Synopsys, Inc.
and may only be used pursuant to the terms and conditions of a written license agreement
with Synopsys, Inc. All other use, reproduction, modification, or distribution of the
Synopsys software or the associated documentation is strictly prohibited.
Tool: Synplify Pro (R)
Build: R-2021.03L-SP1
Install: C:\lscc\diamond\3.12\synpbase
OS: Windows 6.2

Hostname: EDAWIN

Implementation : processorCore
Synopsys HDL compiler and linker, Version comp202103synp2, Build 093R, Built Aug 10 2021 09:15:36, @

Modified Files: 17
FID:  path (prevtimestamp, timestamp)
0        C:/Users/Duncan/git/ForthCPU/constants.v (2023-10-15 13:12:35, 2023-10-19 14:43:31)
41       C:/Users/Duncan/git/ForthCPU/instructionTestSetup.v (N/A, 2023-10-24 18:08:13)
25       C:\Users\Duncan\git\ForthCPU\aluB\source\alu.v (2023-10-04 16:44:59, 2023-10-18 17:55:31)
26       C:\Users\Duncan\git\ForthCPU\aluB\source\aluAMux.v (2023-10-14 22:25:57, 2023-10-15 17:23:07)
3        C:\Users\Duncan\git\ForthCPU\aluGroupDecoder\source\aluGroupDecoder.v (2023-10-14 22:43:44, 2023-10-19 15:53:59)
30       C:\Users\Duncan\git\ForthCPU\busController\source\../../constants.v (2023-10-15 13:12:35, 2023-10-19 14:43:31)
9        C:\Users\Duncan\git\ForthCPU\constants.v (2023-10-15 13:12:35, 2023-10-19 14:43:31)
42       C:\Users\Duncan\git\ForthCPU\instructionTestSetup.v (N/A, 2023-10-24 18:08:13)
32       C:\Users\Duncan\git\ForthCPU\interruptLogic\source\../../constants.v (2023-10-15 13:12:35, 2023-10-19 14:43:31)
34       C:\Users\Duncan\git\ForthCPU\jumpGroupDecoder\source\jumpGroupDecoder.v (2023-10-15 13:57:23, 2023-10-17 22:26:41)
12       C:\Users\Duncan\git\ForthCPU\loadStoreGroupDecoder\source\loadStoreGroupDecoder.v (2023-10-15 15:15:06, 2023-10-19 17:20:16)
35       C:\Users\Duncan\git\ForthCPU\opxMultiplexer\source\../../constants.v (2023-10-15 13:12:35, 2023-10-19 14:43:31)
13       C:\Users\Duncan\git\ForthCPU\processorCore\source\core.v (2023-10-15 13:58:16, 2023-10-24 17:23:25)
43       C:\Users\Duncan\git\ForthCPU\processorCore\test\processorCoreInstructionTests.v (N/A, 2023-10-19 17:31:53)
44       C:\Users\Duncan\git\ForthCPU\processorCore\test\processorCoreInterruptTests.v (N/A, 2023-10-24 19:56:36)
15       C:\Users\Duncan\git\ForthCPU\processorCore\test\processorCoreTests.v (2023-10-15 12:50:35, 2023-10-15 15:40:42)
37       C:\Users\Duncan\git\ForthCPU\registerFileB\source\registerFile.v (2023-10-12 17:29:36, 2023-10-19 14:47:53)

*******************************************************************
Modules that may have changed as a result of file changes: 20
MID:  lib.cell.view
1        work.alu.verilog may have changed because the following files changed:
                        C:/Users/Duncan/git/ForthCPU/constants.v (2023-10-15 13:12:35, 2023-10-19 14:43:31) <-- Error finding FID for 'C:/Users/Duncan/git/ForthCPU/constants.v' in FDep file
                        C:\Users\Duncan\git\ForthCPU\jumpGroupDecoder\source\jumpGroupDecoder.v (2023-10-15 13:57:23, 2023-10-17 22:26:41) <-- (may instantiate this module)
                        C:\Users\Duncan\git\ForthCPU\processorCore\source\core.v (2023-10-15 13:58:16, 2023-10-24 17:23:25) <-- (may instantiate this module)
16       work.aluAMux.verilog may have changed because the following files changed:
                        C:/Users/Duncan/git/ForthCPU/constants.v (2023-10-15 13:12:35, 2023-10-19 14:43:31) <-- Error finding FID for 'C:/Users/Duncan/git/ForthCPU/constants.v' in FDep file
                        C:\Users\Duncan\git\ForthCPU\jumpGroupDecoder\source\jumpGroupDecoder.v (2023-10-15 13:57:23, 2023-10-17 22:26:41) <-- (may instantiate this module)
                        C:\Users\Duncan\git\ForthCPU\processorCore\source\core.v (2023-10-15 13:58:16, 2023-10-24 17:23:25) <-- (may instantiate this module)
2        work.aluBMux.verilog may have changed because the following files changed:
                        C:/Users/Duncan/git/ForthCPU/constants.v (2023-10-15 13:12:35, 2023-10-19 14:43:31) <-- Error finding FID for 'C:/Users/Duncan/git/ForthCPU/constants.v' in FDep file
                        C:\Users\Duncan\git\ForthCPU\jumpGroupDecoder\source\jumpGroupDecoder.v (2023-10-15 13:57:23, 2023-10-17 22:26:41) <-- (may instantiate this module)
                        C:\Users\Duncan\git\ForthCPU\processorCore\source\core.v (2023-10-15 13:58:16, 2023-10-24 17:23:25) <-- (may instantiate this module)
4        work.aluGroupDecoder.verilog may have changed because the following files changed:
                        C:/Users/Duncan/git/ForthCPU/constants.v (2023-10-15 13:12:35, 2023-10-19 14:43:31) <-- Error finding FID for 'C:/Users/Duncan/git/ForthCPU/constants.v' in FDep file
                        C:\Users\Duncan\git\ForthCPU\jumpGroupDecoder\source\jumpGroupDecoder.v (2023-10-15 13:57:23, 2023-10-17 22:26:41) <-- (may instantiate this module)
                        C:\Users\Duncan\git\ForthCPU\loadStoreGroupDecoder\source\loadStoreGroupDecoder.v (2023-10-15 15:15:06, 2023-10-19 17:20:16) <-- (module definition)
                        C:\Users\Duncan\git\ForthCPU\processorCore\source\core.v (2023-10-15 13:58:16, 2023-10-24 17:23:25) <-- (may instantiate this module)
17       work.branchLogic.verilog may have changed because the following files changed:
                        C:/Users/Duncan/git/ForthCPU/constants.v (2023-10-15 13:12:35, 2023-10-19 14:43:31) <-- Error finding FID for 'C:/Users/Duncan/git/ForthCPU/constants.v' in FDep file
                        C:\Users\Duncan\git\ForthCPU\jumpGroupDecoder\source\jumpGroupDecoder.v (2023-10-15 13:57:23, 2023-10-17 22:26:41) <-- (may instantiate this module)
                        C:\Users\Duncan\git\ForthCPU\processorCore\source\core.v (2023-10-15 13:58:16, 2023-10-24 17:23:25) <-- (may instantiate this module)
                        C:\Users\Duncan\git\ForthCPU\processorCore\test\processorCoreInstructionTests.v (N/A, 2023-10-19 17:31:53) <-- (module definition)
18       work.busController.verilog may have changed because the following files changed:
                        C:/Users/Duncan/git/ForthCPU/constants.v (2023-10-15 13:12:35, 2023-10-19 14:43:31) <-- Error finding FID for 'C:/Users/Duncan/git/ForthCPU/constants.v' in FDep file
                        C:\Users\Duncan\git\ForthCPU\instructionTestSetup.v (N/A, 2023-10-24 18:08:13) <-- (module definition)
                        C:\Users\Duncan\git\ForthCPU\jumpGroupDecoder\source\jumpGroupDecoder.v (2023-10-15 13:57:23, 2023-10-17 22:26:41) <-- (may instantiate this module)
                        C:\Users\Duncan\git\ForthCPU\processorCore\source\core.v (2023-10-15 13:58:16, 2023-10-24 17:23:25) <-- (may instantiate this module)
5        work.core.verilog may have changed because the following files changed:
                        C:/Users/Duncan/git/ForthCPU/constants.v (2023-10-15 13:12:35, 2023-10-19 14:43:31) <-- Error finding FID for 'C:/Users/Duncan/git/ForthCPU/constants.v' in FDep file
                        C:\Users\Duncan\git\ForthCPU\jumpGroupDecoder\source\jumpGroupDecoder.v (2023-10-15 13:57:23, 2023-10-17 22:26:41) <-- (may instantiate this module)
                        C:\Users\Duncan\git\ForthCPU\processorCore\source\core.v (2023-10-15 13:58:16, 2023-10-24 17:23:25) <-- (module definition)
7        work.fullALU.verilog may have changed because the following files changed:
                        C:/Users/Duncan/git/ForthCPU/constants.v (2023-10-15 13:12:35, 2023-10-19 14:43:31) <-- Error finding FID for 'C:/Users/Duncan/git/ForthCPU/constants.v' in FDep file
                        C:\Users\Duncan\git\ForthCPU\jumpGroupDecoder\source\jumpGroupDecoder.v (2023-10-15 13:57:23, 2023-10-17 22:26:41) <-- (may instantiate this module)
                        C:\Users\Duncan\git\ForthCPU\processorCore\source\core.v (2023-10-15 13:58:16, 2023-10-24 17:23:25) <-- (may instantiate this module)
22       work.generalGroupDecoder.verilog may have changed because the following files changed:
                        C:/Users/Duncan/git/ForthCPU/constants.v (2023-10-15 13:12:35, 2023-10-19 14:43:31) <-- Error finding FID for 'C:/Users/Duncan/git/ForthCPU/constants.v' in FDep file
                        C:\Users\Duncan\git\ForthCPU\jumpGroupDecoder\source\jumpGroupDecoder.v (2023-10-15 13:57:23, 2023-10-17 22:26:41) <-- (may instantiate this module)
                        C:\Users\Duncan\git\ForthCPU\processorCore\source\core.v (2023-10-15 13:58:16, 2023-10-24 17:23:25) <-- (may instantiate this module)
9        work.instructionPhaseDecoder.verilog may have changed because the following files changed:
                        C:/Users/Duncan/git/ForthCPU/constants.v (2023-10-15 13:12:35, 2023-10-19 14:43:31) <-- Error finding FID for 'C:/Users/Duncan/git/ForthCPU/constants.v' in FDep file
                        C:\Users\Duncan\git\ForthCPU\jumpGroupDecoder\source\jumpGroupDecoder.v (2023-10-15 13:57:23, 2023-10-17 22:26:41) <-- (may instantiate this module)
                        C:\Users\Duncan\git\ForthCPU\processorCore\source\core.v (2023-10-15 13:58:16, 2023-10-24 17:23:25) <-- (may instantiate this module)
19       work.interruptStateMachine.verilog may have changed because the following files changed:
                        C:/Users/Duncan/git/ForthCPU/constants.v (2023-10-15 13:12:35, 2023-10-19 14:43:31) <-- Error finding FID for 'C:/Users/Duncan/git/ForthCPU/constants.v' in FDep file
                        C:\Users\Duncan\git\ForthCPU\jumpGroupDecoder\source\jumpGroupDecoder.v (2023-10-15 13:57:23, 2023-10-17 22:26:41) <-- (may instantiate this module)
                        C:\Users\Duncan\git\ForthCPU\processorCore\source\core.v (2023-10-15 13:58:16, 2023-10-24 17:23:25) <-- (may instantiate this module)
10       work.jumpGroupDecoder.verilog may have changed because the following files changed:
                        C:/Users/Duncan/git/ForthCPU/constants.v (2023-10-15 13:12:35, 2023-10-19 14:43:31) <-- Error finding FID for 'C:/Users/Duncan/git/ForthCPU/constants.v' in FDep file
                        C:\Users\Duncan\git\ForthCPU\jumpGroupDecoder\source\jumpGroupDecoder.v (2023-10-15 13:57:23, 2023-10-17 22:26:41) <-- (may instantiate this module)
                        C:\Users\Duncan\git\ForthCPU\processorCore\source\core.v (2023-10-15 13:58:16, 2023-10-24 17:23:25) <-- (may instantiate this module)
                        C:\Users\Duncan\git\ForthCPU\registerFileB\source\registerFile.v (2023-10-12 17:29:36, 2023-10-19 14:47:53) <-- (module definition)
11       work.loadStoreGroupDecoder.verilog may have changed because the following files changed:
                        C:/Users/Duncan/git/ForthCPU/constants.v (2023-10-15 13:12:35, 2023-10-19 14:43:31) <-- Error finding FID for 'C:/Users/Duncan/git/ForthCPU/constants.v' in FDep file
                        C:\Users\Duncan\git\ForthCPU\jumpGroupDecoder\source\jumpGroupDecoder.v (2023-10-15 13:57:23, 2023-10-17 22:26:41) <-- (may instantiate this module)
                        C:\Users\Duncan\git\ForthCPU\processorCore\source\core.v (2023-10-15 13:58:16, 2023-10-24 17:23:25) <-- (may instantiate this module)
12       work.opxMultiplexer.verilog may have changed because the following files changed:
                        C:/Users/Duncan/git/ForthCPU/constants.v (2023-10-15 13:12:35, 2023-10-19 14:43:31) <-- Error finding FID for 'C:/Users/Duncan/git/ForthCPU/constants.v' in FDep file
                        C:\Users\Duncan\git\ForthCPU\jumpGroupDecoder\source\jumpGroupDecoder.v (2023-10-15 13:57:23, 2023-10-17 22:26:41) <-- (may instantiate this module)
                        C:\Users\Duncan\git\ForthCPU\processorCore\source\core.v (2023-10-15 13:58:16, 2023-10-24 17:23:25) <-- (may instantiate this module)
23       work.processorCoreInstructionTests.verilog may have changed because the following files changed:
                        C:/Users/Duncan/git/ForthCPU/constants.v (2023-10-15 13:12:35, 2023-10-19 14:43:31) <-- Error finding FID for 'C:/Users/Duncan/git/ForthCPU/constants.v' in FDep file
24       work.processorCoreInterruptTests.verilog may have changed because the following files changed:
                        C:/Users/Duncan/git/ForthCPU/constants.v (2023-10-15 13:12:35, 2023-10-19 14:43:31) <-- Error finding FID for 'C:/Users/Duncan/git/ForthCPU/constants.v' in FDep file
13       work.processorCoreTests.verilog may have changed because the following files changed:
                        C:\Users\Duncan\git\ForthCPU\jumpGroupDecoder\source\jumpGroupDecoder.v (2023-10-15 13:57:23, 2023-10-17 22:26:41) <-- (module definition)
14       work.programCounter.verilog may have changed because the following files changed:
                        C:/Users/Duncan/git/ForthCPU/constants.v (2023-10-15 13:12:35, 2023-10-19 14:43:31) <-- Error finding FID for 'C:/Users/Duncan/git/ForthCPU/constants.v' in FDep file
                        C:\Users\Duncan\git\ForthCPU\jumpGroupDecoder\source\jumpGroupDecoder.v (2023-10-15 13:57:23, 2023-10-17 22:26:41) <-- (may instantiate this module)
                        C:\Users\Duncan\git\ForthCPU\processorCore\source\core.v (2023-10-15 13:58:16, 2023-10-24 17:23:25) <-- (may instantiate this module)
                        C:\Users\Duncan\git\ForthCPU\processorCore\test\processorCoreTests.v (2023-10-15 12:50:35, 2023-10-15 15:40:42) <-- (module definition)
20       work.registerFile.verilog may have changed because the following files changed:
                        C:/Users/Duncan/git/ForthCPU/constants.v (2023-10-15 13:12:35, 2023-10-19 14:43:31) <-- Error finding FID for 'C:/Users/Duncan/git/ForthCPU/constants.v' in FDep file
                        C:\Users\Duncan\git\ForthCPU\aluB\source\aluAMux.v (2023-10-14 22:25:57, 2023-10-15 17:23:07) <-- (module definition)
                        C:\Users\Duncan\git\ForthCPU\jumpGroupDecoder\source\jumpGroupDecoder.v (2023-10-15 13:57:23, 2023-10-17 22:26:41) <-- (may instantiate this module)
                        C:\Users\Duncan\git\ForthCPU\processorCore\source\core.v (2023-10-15 13:58:16, 2023-10-24 17:23:25) <-- (may instantiate this module)
21       work.registers.verilog may have changed because the following files changed:
                        C:/Users/Duncan/git/ForthCPU/constants.v (2023-10-15 13:12:35, 2023-10-19 14:43:31) <-- Error finding FID for 'C:/Users/Duncan/git/ForthCPU/constants.v' in FDep file
                        C:\Users\Duncan\git\ForthCPU\aluB\source\alu.v (2023-10-04 16:44:59, 2023-10-18 17:55:31) <-- (module definition)
                        C:\Users\Duncan\git\ForthCPU\aluB\source\aluAMux.v (2023-10-14 22:25:57, 2023-10-15 17:23:07) <-- (may instantiate this module)
                        C:\Users\Duncan\git\ForthCPU\jumpGroupDecoder\source\jumpGroupDecoder.v (2023-10-15 13:57:23, 2023-10-17 22:26:41) <-- (may instantiate this module)
                        C:\Users\Duncan\git\ForthCPU\processorCore\source\core.v (2023-10-15 13:58:16, 2023-10-24 17:23:25) <-- (may instantiate this module)

*******************************************************************
Unmodified files: 18
FID:  path (timestamp)
1        C:/Users/Duncan/git/ForthCPU/testSetup.v (2023-10-15 13:22:43)
27       C:\Users\Duncan\git\ForthCPU\aluB\source\aluBMux.v (2023-10-14 22:26:23)
28       C:\Users\Duncan\git\ForthCPU\aluB\source\fullALU.v (2023-10-15 00:41:21)
29       C:\Users\Duncan\git\ForthCPU\branchLogic\source\branchLogic.v (2023-10-11 22:33:49)
31       C:\Users\Duncan\git\ForthCPU\busController\source\busController.v (2023-10-15 00:40:37)
40       C:\Users\Duncan\git\ForthCPU\generalGroupDecoder\source\generalGroupDecoder.v (2023-10-15 13:44:38)
10       C:\Users\Duncan\git\ForthCPU\instructionPhaseDecoder\source\instructionPhaseDecoder.v (2023-10-15 15:16:43)
33       C:\Users\Duncan\git\ForthCPU\interruptLogic\source\interruptStateMachine.v (2023-10-11 17:24:34)
36       C:\Users\Duncan\git\ForthCPU\opxMultiplexer\source\opxMultiplexer.v (2023-10-15 14:41:16)
16       C:\Users\Duncan\git\ForthCPU\programCounter\source\programCounter.v (2023-10-15 10:20:53)
38       C:\Users\Duncan\git\ForthCPU\registerFileB\source\registers.v (2023-10-15 14:57:12)
39       C:\Users\Duncan\git\ForthCPU\testSetup.v (2023-10-15 13:22:43)
19       C:\lscc\diamond\3.12\synpbase\lib\lucent\machxo3l.v (2021-08-10 09:11:08)
20       C:\lscc\diamond\3.12\synpbase\lib\lucent\pmi_def.v (2021-08-10 09:11:08)
21       C:\lscc\diamond\3.12\synpbase\lib\vlog\hypermods.v (2021-08-10 09:07:02)
22       C:\lscc\diamond\3.12\synpbase\lib\vlog\scemi_objects.v (2021-08-10 09:07:02)
23       C:\lscc\diamond\3.12\synpbase\lib\vlog\scemi_pipes.svh (2021-08-10 09:07:02)
24       C:\lscc\diamond\3.12\synpbase\lib\vlog\umr_capim.v (2021-08-10 09:07:02)

*******************************************************************
Unchanged modules: 0
MID:  lib.cell.view
