
Copyright (C) 1994-2021 Synopsys, Inc.
This Synopsys software and all associated documentation are proprietary to Synopsys, Inc.
and may only be used pursuant to the terms and conditions of a written license agreement
with Synopsys, Inc. All other use, reproduction, modification, or distribution of the
Synopsys software or the associated documentation is strictly prohibited.
Tool: Synplify Pro (R)
Build: R-2021.03L-SP1
Install: C:\lscc\diamond\3.12\synpbase
OS: Windows 6.2

Hostname: EDAWIN

Implementation : impl1

# Written on Sat Oct 28 16:00:12 2023

##### DESIGN INFO #######################################################

Top View:                "mcu"
Constraint File(s):      (none)




##### SUMMARY ############################################################

Found 0 issues in 0 out of 0 constraints


##### DETAILS ############################################################



Clock Relationships
*******************

Starting     Ending      |     rise to rise     |     fall to fall     |     rise to fall     |     fall to rise                     
------------------------------------------------------------------------------------------------------------------------------------
System       mcu|CLK     |     No paths         |     No paths         |     No paths         |     10.000                           
mcu|CLK      System      |     No paths         |     No paths         |     10.000           |     No paths                         
mcu|CLK      mcu|CLK     |     10.000           |     No paths         |     5.000            |     No paths                         
====================================================================================================================================
 Note: 'No paths' indicates there are no paths in the design for that pair of clock edges.
       'Diff grp' indicates that paths exist but the starting clock and ending clock are in different clock groups.


Unconstrained Start/End Points
******************************

p:ADDR_BUS[0]
p:ADDR_BUS[1]
p:ADDR_BUS[2]
p:ADDR_BUS[3]
p:ADDR_BUS[4]
p:ADDR_BUS[5]
p:ADDR_BUS[6]
p:ADDR_BUS[7]
p:ADDR_BUS[8]
p:ADDR_BUS[9]
p:ADDR_BUS[10]
p:ADDR_BUS[11]
p:ADDR_BUS[12]
p:ADDR_BUS[13]
p:ADDR_BUS[14]
p:ADDR_BUS[15]
p:COMMIT
p:DATA_BUS[0] (bidir end point)
p:DATA_BUS[0] (bidir start point)
p:DATA_BUS[1] (bidir end point)
p:DATA_BUS[1] (bidir start point)
p:DATA_BUS[2] (bidir end point)
p:DATA_BUS[2] (bidir start point)
p:DATA_BUS[3] (bidir end point)
p:DATA_BUS[3] (bidir start point)
p:DATA_BUS[4] (bidir end point)
p:DATA_BUS[4] (bidir start point)
p:DATA_BUS[5] (bidir end point)
p:DATA_BUS[5] (bidir start point)
p:DATA_BUS[6] (bidir end point)
p:DATA_BUS[6] (bidir start point)
p:DATA_BUS[7] (bidir end point)
p:DATA_BUS[7] (bidir start point)
p:DATA_BUS[8] (bidir end point)
p:DATA_BUS[8] (bidir start point)
p:DATA_BUS[9] (bidir end point)
p:DATA_BUS[9] (bidir start point)
p:DATA_BUS[10] (bidir end point)
p:DATA_BUS[10] (bidir start point)
p:DATA_BUS[11] (bidir end point)
p:DATA_BUS[11] (bidir start point)
p:DATA_BUS[12] (bidir end point)
p:DATA_BUS[12] (bidir start point)
p:DATA_BUS[13] (bidir end point)
p:DATA_BUS[13] (bidir start point)
p:DATA_BUS[14] (bidir end point)
p:DATA_BUS[14] (bidir start point)
p:DATA_BUS[15] (bidir end point)
p:DATA_BUS[15] (bidir start point)
p:DECODE
p:EXECUTE
p:FETCH
p:INTS0
p:INTS1
p:INTS2
p:INTS3
p:INTS4
p:INTS5
p:INTS6
p:INTS7
p:RDN
p:RESET
p:RXD
p:TXD
p:WRN0
p:WRN1


Inapplicable constraints
************************

(none)


Applicable constraints with issues
**********************************

(none)


Constraints with matching wildcard expressions
**********************************************

(none)


Library Report
**************


# End of Constraint Checker Report
