
Copyright (C) 1994-2021 Synopsys, Inc.
This Synopsys software and all associated documentation are proprietary to Synopsys, Inc.
and may only be used pursuant to the terms and conditions of a written license agreement
with Synopsys, Inc. All other use, reproduction, modification, or distribution of the
Synopsys software or the associated documentation is strictly prohibited.
Tool: Synplify Pro (R)
Build: R-2021.03L-SP1
Install: C:\lscc\diamond\3.12\synpbase
OS: Windows 6.2

Hostname: EDAWIN

Implementation : debuggerTests
Synopsys HDL compiler and linker, Version comp202103synp2, Build 093R, Built Aug 10 2021 09:15:36, @

Modified Files: 17
FID:  path (prevtimestamp, timestamp)
0        C:/Users/Duncan/git/ForthCPU/constants.v (2023-12-16 16:47:45, 2023-12-17 16:57:35)
3        C:\Users\Duncan\git\ForthCPU\UART\source\../../constants.v (2023-12-16 16:47:45, 2023-12-17 16:57:35)
14       C:\Users\Duncan\git\ForthCPU\busController\source\../../constants.v (2023-12-16 16:47:45, 2023-12-17 16:57:35)
17       C:\Users\Duncan\git\ForthCPU\constants.v (2023-12-16 16:47:45, 2023-12-17 16:57:35)
18       C:\Users\Duncan\git\ForthCPU\debugPort\source\debugDecoder.v (2023-12-16 17:02:20, 2023-12-17 16:49:18)
19       C:\Users\Duncan\git\ForthCPU\debugPort\source\debugPort.v (2023-12-17 00:04:00, 2023-12-17 17:41:50)
23       C:\Users\Duncan\git\ForthCPU\debugPort\source\requestGenerator.v (2023-12-17 00:03:30, 2023-12-17 17:41:31)
61       C:\Users\Duncan\git\ForthCPU\debuggerTestSetup.v (N/A, 2023-12-17 17:19:07)
28       C:\Users\Duncan\git\ForthCPU\debuggerTests\source\mcu.v (2023-12-13 22:50:42, 2023-12-17 17:17:31)
29       C:\Users\Duncan\git\ForthCPU\debuggerTests\test\../../constants.v (2023-12-16 16:47:45, 2023-12-17 16:57:35)
60       C:\Users\Duncan\git\ForthCPU\debuggerTests\test\../../debuggerTestSetup.v (2023-12-17 13:47:09, 2023-12-17 17:19:07)
33       C:\Users\Duncan\git\ForthCPU\instructionLatch\source\instructionLatch.v (2023-12-15 16:22:05, 2023-12-17 17:10:51)
36       C:\Users\Duncan\git\ForthCPU\interruptLogic\source\../../constants.v (2023-12-16 16:47:45, 2023-12-17 16:57:35)
41       C:\Users\Duncan\git\ForthCPU\mcuResources\source\../../constants.v (2023-12-16 16:47:45, 2023-12-17 16:57:35)
43       C:\Users\Duncan\git\ForthCPU\memoryMapper\source\../../constants.v (2023-12-16 16:47:45, 2023-12-17 16:57:35)
45       C:\Users\Duncan\git\ForthCPU\opxMultiplexer\source\../../constants.v (2023-12-16 16:47:45, 2023-12-17 16:57:35)
47       C:\Users\Duncan\git\ForthCPU\processorCore\source\core.v (2023-12-16 17:27:53, 2023-12-17 17:42:48)

*******************************************************************
Modules that may have changed as a result of file changes: 33
MID:  lib.cell.view
0        work.RAM.verilog may have changed because the following files changed:
                        C:/Users/Duncan/git/ForthCPU/constants.v (2023-12-16 16:47:45, 2023-12-17 16:57:35) <-- Error finding FID for 'C:/Users/Duncan/git/ForthCPU/constants.v' in FDep file
1        work.UART.verilog may have changed because the following files changed:
                        C:/Users/Duncan/git/ForthCPU/constants.v (2023-12-16 16:47:45, 2023-12-17 16:57:35) <-- Error finding FID for 'C:/Users/Duncan/git/ForthCPU/constants.v' in FDep file
2        work.UART_RX.verilog may have changed because the following files changed:
                        C:/Users/Duncan/git/ForthCPU/constants.v (2023-12-16 16:47:45, 2023-12-17 16:57:35) <-- Error finding FID for 'C:/Users/Duncan/git/ForthCPU/constants.v' in FDep file
3        work.UART_TX.verilog may have changed because the following files changed:
                        C:/Users/Duncan/git/ForthCPU/constants.v (2023-12-16 16:47:45, 2023-12-17 16:57:35) <-- Error finding FID for 'C:/Users/Duncan/git/ForthCPU/constants.v' in FDep file
4        work.alu.verilog may have changed because the following files changed:
                        C:\Users\Duncan\git\ForthCPU\debugPort\source\debugDecoder.v (2023-12-16 17:02:20, 2023-12-17 16:49:18) <-- (module definition)
                        C:\Users\Duncan\git\ForthCPU\processorCore\source\core.v (2023-12-16 17:27:53, 2023-12-17 17:42:48) <-- (may instantiate this module)
5        work.aluAMux.verilog may have changed because the following files changed:
                        C:\Users\Duncan\git\ForthCPU\processorCore\source\core.v (2023-12-16 17:27:53, 2023-12-17 17:42:48) <-- (may instantiate this module)
6        work.aluBMux.verilog may have changed because the following files changed:
                        C:\Users\Duncan\git\ForthCPU\processorCore\source\core.v (2023-12-16 17:27:53, 2023-12-17 17:42:48) <-- (may instantiate this module)
7        work.aluGroupDecoder.verilog may have changed because the following files changed:
                        C:\Users\Duncan\git\ForthCPU\debugPort\source\debugPort.v (2023-12-17 00:04:00, 2023-12-17 17:41:50) <-- (module definition)
                        C:\Users\Duncan\git\ForthCPU\processorCore\source\core.v (2023-12-16 17:27:53, 2023-12-17 17:42:48) <-- (may instantiate this module)
10       work.busController.verilog may have changed because the following files changed:
                        C:\Users\Duncan\git\ForthCPU\processorCore\source\core.v (2023-12-16 17:27:53, 2023-12-17 17:42:48) <-- (may instantiate this module)
11       work.busSequencer.verilog may have changed because the following files changed:
                        C:\Users\Duncan\git\ForthCPU\processorCore\source\core.v (2023-12-16 17:27:53, 2023-12-17 17:42:48) <-- (may instantiate this module)
12       work.ccRegisters.verilog may have changed because the following files changed:
                        C:\Users\Duncan\git\ForthCPU\processorCore\source\core.v (2023-12-16 17:27:53, 2023-12-17 17:42:48) <-- (may instantiate this module)
13       work.core.verilog may have changed because the following files changed:
                        C:\Users\Duncan\git\ForthCPU\processorCore\source\core.v (2023-12-16 17:27:53, 2023-12-17 17:42:48) <-- (module definition)
14       work.debugDecoder.verilog may have changed because the following files changed:
                        C:\Users\Duncan\git\ForthCPU\processorCore\source\core.v (2023-12-16 17:27:53, 2023-12-17 17:42:48) <-- (may instantiate this module)
15       work.debugPort.verilog may have changed because the following files changed:
                        C:\Users\Duncan\git\ForthCPU\processorCore\source\core.v (2023-12-16 17:27:53, 2023-12-17 17:42:48) <-- (may instantiate this module)
16       work.debugSequencer.verilog may have changed because the following files changed:
                        C:\Users\Duncan\git\ForthCPU\processorCore\source\core.v (2023-12-16 17:27:53, 2023-12-17 17:42:48) <-- (may instantiate this module)
17       work.fullALU.verilog may have changed because the following files changed:
                        C:\Users\Duncan\git\ForthCPU\processorCore\source\core.v (2023-12-16 17:27:53, 2023-12-17 17:42:48) <-- (may instantiate this module)
18       work.generalGroupDecoder.verilog may have changed because the following files changed:
                        C:\Users\Duncan\git\ForthCPU\processorCore\source\core.v (2023-12-16 17:27:53, 2023-12-17 17:42:48) <-- (may instantiate this module)
19       work.instructionLatch.verilog may have changed because the following files changed:
                        C:\Users\Duncan\git\ForthCPU\processorCore\source\core.v (2023-12-16 17:27:53, 2023-12-17 17:42:48) <-- (may instantiate this module)
20       work.instructionPhaseDecoder.verilog may have changed because the following files changed:
                        C:\Users\Duncan\git\ForthCPU\processorCore\source\core.v (2023-12-16 17:27:53, 2023-12-17 17:42:48) <-- (may instantiate this module)
22       work.interruptStateMachine.verilog may have changed because the following files changed:
                        C:\Users\Duncan\git\ForthCPU\processorCore\source\core.v (2023-12-16 17:27:53, 2023-12-17 17:42:48) <-- (may instantiate this module)
23       work.jumpGroupDecoder.verilog may have changed because the following files changed:
                        C:\Users\Duncan\git\ForthCPU\processorCore\source\core.v (2023-12-16 17:27:53, 2023-12-17 17:42:48) <-- (may instantiate this module)
24       work.loadStoreGroupDecoder.verilog may have changed because the following files changed:
                        C:\Users\Duncan\git\ForthCPU\processorCore\source\core.v (2023-12-16 17:27:53, 2023-12-17 17:42:48) <-- (may instantiate this module)
28       work.oneOfEightDecoder.verilog may have changed because the following files changed:
                        C:\Users\Duncan\git\ForthCPU\processorCore\source\core.v (2023-12-16 17:27:53, 2023-12-17 17:42:48) <-- (may instantiate this module)
29       work.opxMultiplexer.verilog may have changed because the following files changed:
                        C:\Users\Duncan\git\ForthCPU\processorCore\source\core.v (2023-12-16 17:27:53, 2023-12-17 17:42:48) <-- (may instantiate this module)
30       work.programCounter.verilog may have changed because the following files changed:
                        C:/Users/Duncan/git/ForthCPU/constants.v (2023-12-16 16:47:45, 2023-12-17 16:57:35) <-- Error finding FID for 'C:/Users/Duncan/git/ForthCPU/constants.v' in FDep file
                        C:\Users\Duncan\git\ForthCPU\processorCore\source\core.v (2023-12-16 17:27:53, 2023-12-17 17:42:48) <-- (may instantiate this module)
31       work.register.verilog may have changed because the following files changed:
                        C:\Users\Duncan\git\ForthCPU\instructionLatch\source\instructionLatch.v (2023-12-15 16:22:05, 2023-12-17 17:10:51) <-- (module definition)
                        C:\Users\Duncan\git\ForthCPU\processorCore\source\core.v (2023-12-16 17:27:53, 2023-12-17 17:42:48) <-- (may instantiate this module)
32       work.registerFile.verilog may have changed because the following files changed:
                        C:/Users/Duncan/git/ForthCPU/constants.v (2023-12-16 16:47:45, 2023-12-17 16:57:35) <-- Error finding FID for 'C:/Users/Duncan/git/ForthCPU/constants.v' in FDep file
                        C:\Users\Duncan\git\ForthCPU\processorCore\source\core.v (2023-12-16 17:27:53, 2023-12-17 17:42:48) <-- (may instantiate this module)
33       work.registerSequencer.verilog may have changed because the following files changed:
                        C:/Users/Duncan/git/ForthCPU/constants.v (2023-12-16 16:47:45, 2023-12-17 16:57:35) <-- Error finding FID for 'C:/Users/Duncan/git/ForthCPU/constants.v' in FDep file
                        C:\Users\Duncan\git\ForthCPU\processorCore\source\core.v (2023-12-16 17:27:53, 2023-12-17 17:42:48) <-- (may instantiate this module)
34       work.registers.verilog may have changed because the following files changed:
                        C:/Users/Duncan/git/ForthCPU/constants.v (2023-12-16 16:47:45, 2023-12-17 16:57:35) <-- Error finding FID for 'C:/Users/Duncan/git/ForthCPU/constants.v' in FDep file
                        C:\Users\Duncan\git\ForthCPU\processorCore\source\core.v (2023-12-16 17:27:53, 2023-12-17 17:42:48) <-- (may instantiate this module)
35       work.requestGenerator.verilog may have changed because the following files changed:
                        C:\Users\Duncan\git\ForthCPU\processorCore\source\core.v (2023-12-16 17:27:53, 2023-12-17 17:42:48) <-- (may instantiate this module)
37       work.synchronizedCounter.verilog may have changed because the following files changed:
                        C:\Users\Duncan\git\ForthCPU\processorCore\source\core.v (2023-12-16 17:27:53, 2023-12-17 17:42:48) <-- (may instantiate this module)
38       work.synchronizer.verilog may have changed because the following files changed:
                        C:\Users\Duncan\git\ForthCPU\processorCore\source\core.v (2023-12-16 17:27:53, 2023-12-17 17:42:48) <-- (may instantiate this module)
39       work.transparentLatch.verilog may have changed because the following files changed:
                        C:/Users/Duncan/git/ForthCPU/constants.v (2023-12-16 16:47:45, 2023-12-17 16:57:35) <-- Error finding FID for 'C:/Users/Duncan/git/ForthCPU/constants.v' in FDep file

*******************************************************************
Unmodified files: 45
FID:  path (timestamp)
1        C:\Users\Duncan\git\ForthCPU\./testSetup.v (2023-12-16 16:14:17)
2        C:\Users\Duncan\git\ForthCPU\RAM\source\RAM.v (2023-12-02 17:43:06)
4        C:\Users\Duncan\git\ForthCPU\UART\source\UART.v (2023-12-13 09:56:04)
5        C:\Users\Duncan\git\ForthCPU\UART\source\receiver.v (2023-10-26 19:24:23)
6        C:\Users\Duncan\git\ForthCPU\UART\source\transmitter.v (2023-10-27 19:03:26)
7        C:\Users\Duncan\git\ForthCPU\aluB\source\alu.v (2023-11-15 19:08:31)
8        C:\Users\Duncan\git\ForthCPU\aluB\source\aluAMux.v (2023-11-09 22:24:23)
9        C:\Users\Duncan\git\ForthCPU\aluB\source\aluBMux.v (2023-11-10 16:14:49)
10       C:\Users\Duncan\git\ForthCPU\aluB\source\ccRegisters.v (2023-11-14 18:51:47)
11       C:\Users\Duncan\git\ForthCPU\aluB\source\fullALU.v (2023-11-14 18:52:43)
12       C:\Users\Duncan\git\ForthCPU\aluGroupDecoder\source\aluGroupDecoder.v (2023-12-13 09:54:03)
13       C:\Users\Duncan\git\ForthCPU\branchLogic\source\branchLogic.v (2023-11-02 15:54:48)
15       C:\Users\Duncan\git\ForthCPU\busController\source\busController.v (2023-12-13 09:41:06)
16       C:\Users\Duncan\git\ForthCPU\busController\source\busSequencer.v (2023-12-14 23:55:12)
20       C:\Users\Duncan\git\ForthCPU\debugPort\source\debugSequencer.v (2023-12-16 17:27:32)
21       C:\Users\Duncan\git\ForthCPU\debugPort\source\oneOfEightDecoder.v (2023-11-20 20:19:45)
22       C:\Users\Duncan\git\ForthCPU\debugPort\source\register.v (2023-11-22 10:42:51)
24       C:\Users\Duncan\git\ForthCPU\debugPort\source\synchronizedCounter.v (2023-12-08 20:18:51)
25       C:\Users\Duncan\git\ForthCPU\debugPort\source\synchronizer.v (2023-12-09 18:06:11)
26       C:\Users\Duncan\git\ForthCPU\debugPort\source\upCounter.v (2023-12-02 16:57:28)
27       C:\Users\Duncan\git\ForthCPU\debuggerTests\source\debuggerTestsROM.v (2023-12-17 13:02:30)
30       C:\Users\Duncan\git\ForthCPU\debuggerTests\test\../../testSetup.v (2023-12-16 16:14:17)
31       C:\Users\Duncan\git\ForthCPU\debuggerTests\test\blinkTest.v (2023-12-17 13:41:12)
32       C:\Users\Duncan\git\ForthCPU\generalGroupDecoder\source\generalGroupDecoder.v (2023-11-26 21:48:47)
34       C:\Users\Duncan\git\ForthCPU\instructionPhaseDecoder\source\instructionPhaseDecoder.v (2023-12-14 23:38:01)
35       C:\Users\Duncan\git\ForthCPU\instructionTestSetup.v (2023-12-16 13:37:42)
37       C:\Users\Duncan\git\ForthCPU\interruptLogic\source\interruptMaskRegister.v (2023-10-31 10:38:07)
38       C:\Users\Duncan\git\ForthCPU\interruptLogic\source\interruptStateMachine.v (2023-11-12 12:05:39)
39       C:\Users\Duncan\git\ForthCPU\jumpGroupDecoder\source\jumpGroupDecoder.v (2023-11-25 12:38:41)
40       C:\Users\Duncan\git\ForthCPU\loadStoreGroupDecoder\source\loadStoreGroupDecoder.v (2023-11-28 17:03:13)
42       C:\Users\Duncan\git\ForthCPU\mcuResources\source\mcuResources.v (2023-12-16 14:52:44)
44       C:\Users\Duncan\git\ForthCPU\memoryMapper\source\memoryMapper.v (2023-11-09 15:06:41)
46       C:\Users\Duncan\git\ForthCPU\opxMultiplexer\source\opxMultiplexer.v (2023-12-14 18:08:31)
48       C:\Users\Duncan\git\ForthCPU\processorCore\source\transparentLatch.v (2023-12-03 17:13:26)
49       C:\Users\Duncan\git\ForthCPU\programCounter\source\programCounter.v (2023-12-14 23:49:27)
50       C:\Users\Duncan\git\ForthCPU\registerFileB\source\registerFile.v (2023-11-09 22:58:57)
51       C:\Users\Duncan\git\ForthCPU\registerFileB\source\registers.v (2023-10-30 15:49:58)
52       C:\Users\Duncan\git\ForthCPU\registerSequencer\source\registerSequencer.v (2023-12-04 12:27:32)
53       C:\Users\Duncan\git\ForthCPU\testSetup.v (2023-12-16 16:14:17)
54       C:\lscc\diamond\3.12\synpbase\lib\lucent\machxo3l.v (2021-08-10 09:11:08)
55       C:\lscc\diamond\3.12\synpbase\lib\lucent\pmi_def.v (2021-08-10 09:11:08)
56       C:\lscc\diamond\3.12\synpbase\lib\vlog\hypermods.v (2021-08-10 09:07:02)
57       C:\lscc\diamond\3.12\synpbase\lib\vlog\scemi_objects.v (2021-08-10 09:07:02)
58       C:\lscc\diamond\3.12\synpbase\lib\vlog\scemi_pipes.svh (2021-08-10 09:07:02)
59       C:\lscc\diamond\3.12\synpbase\lib\vlog\umr_capim.v (2021-08-10 09:07:02)

*******************************************************************
Unchanged modules: 8
MID:  lib.cell.view
8        work.blinkTests.verilog
9        work.branchLogic.verilog
21       work.interruptMaskRegister.verilog
25       work.mcu.verilog
26       work.mcuResources.verilog
27       work.memoryMapper.verilog
36       work.rom.verilog
40       work.upCounter.verilog
