"C:/Users/Duncan/git/ForthCPU/mcuTestbench/source/registerFileTestROM.v=work,"
"C:/Users/Duncan/git/ForthCPU/interruptLogic/source/interruptMaskRegister.v=work,"
"C:/Users/Duncan/git/ForthCPU/UART/source/transmitter.v=work,"
"C:/Users/Duncan/git/ForthCPU/UART/source/receiver.v=work,"
"C:/Users/Duncan/git/ForthCPU/UART/source/UART.v=work,"
"C:/Users/Duncan/git/ForthCPU/RAM/source/RAM.v=work,"
"C:/Users/Duncan/git/ForthCPU/memoryMapper/source/memoryMapper.v=work,"
"C:/Users/Duncan/git/ForthCPU/mcuTestbench/source/testResources.v=work,"
"C:/Users/Duncan/git/ForthCPU/registerSequencer/source/registerSequencer.v=work,"
"C:/Users/Duncan/git/ForthCPU/opxMultiplexer/source/opxMultiplexer.v=work,"
"C:/Users/Duncan/git/ForthCPU/generalGroupDecoder/source/generalGroupDecoder.v=work,"
"C:/Users/Duncan/git/ForthCPU/jumpGroupDecoder/source/jumpGroupDecoder.v=work,"
"C:/Users/Duncan/git/ForthCPU/loadStoreGroupDecoder/source/loadStoreGroupDecoder.v=work,"
"C:/Users/Duncan/git/ForthCPU/aluGroupDecoder/source/aluGroupDecoder.v=work,"
"C:/Users/Duncan/git/ForthCPU/interruptLogic/source/interruptStateMachine.v=work,"
"C:/Users/Duncan/git/ForthCPU/programCounter/source/programCounter.v=work,"
"C:/Users/Duncan/git/ForthCPU/busController/source/busController.v=work,"
"C:/Users/Duncan/git/ForthCPU/registerFileB/source/registers.v=work,"
"C:/Users/Duncan/git/ForthCPU/registerFileB/source/registerFile.v=work,"
"C:/Users/Duncan/git/ForthCPU/aluB/source/ccRegisters.v=work,"
"C:/Users/Duncan/git/ForthCPU/aluB/source/aluBMux.v=work,"
"C:/Users/Duncan/git/ForthCPU/aluB/source/aluAMux.v=work,"
"C:/Users/Duncan/git/ForthCPU/aluB/source/alu.v=work,"
"C:/Users/Duncan/git/ForthCPU/aluB/source/fullALU.v=work,"
"C:/Users/Duncan/git/ForthCPU/instructionPhaseDecoder/source/instructionPhaseDecoder.v=work,"
"C:/Users/Duncan/git/ForthCPU/processorCore/source/core.v=work,"
"C:/Users/Duncan/git/ForthCPU/mcuTestbench/source/protoBoard.v=work,"
"C:/Users/Duncan/git/ForthCPU/mcuTestbench/source/testArticle.v=work,"
"C:/Users/Duncan/git/ForthCPU/mcuTestbench/source/registerFileTests.v=work,"
"C:/Users/Duncan/git/ForthCPU/branchLogic/source/branchLogic.v=work,"
"C:/Users/Duncan/git/ForthCPU/constants.v=work,"
"C:/Users/Duncan/git/ForthCPU/registerFileB/source/registers.v=work,"
"C:/Users/Duncan/git/ForthCPU/mcuTestbench/source/registerFileTestROM.v=work,"
