"C:/Users/Duncan/git/ForthCPU/core/test/coreTests.v=work,Verilog 2001"
"C:/Users/Duncan/git/ForthCPU/constants.v=work,Verilog 2001"
"C:/Users/Duncan/git/ForthCPU/instructionTestSetup.sv=work,System Verilog"
"C:/Users/Duncan/git/ForthCPU/core/source/core.v=work,Verilog 2001"
"C:/Users/Duncan/git/ForthCPU/masterSequencer/source/masterSequencer.v=work,Verilog 2001"
"C:/Users/Duncan/git/ForthCPU/instructionLatchV2/source/instructionLatch.v=work,Verilog 2001"
"C:/Users/Duncan/git/ForthCPU/aluGroupDecoder/source/aluGroupDecoder.v=work,Verilog 2001"
"C:/Users/Duncan/git/ForthCPU/generalGroupDecoder/source/generalGroupDecoder.v=work,Verilog 2001"
"C:/Users/Duncan/git/ForthCPU/jumpGroupDecoder/source/jumpGroupDecoder.v=work,Verilog 2001"
"C:/Users/Duncan/git/ForthCPU/loadStoreGroupDecoder/source/loadStoreGroupDecoder.v=work,Verilog 2001"
"C:/Users/Duncan/git/ForthCPU/opxMultiplexer/source/opxMultiplexer.v=work,Verilog 2001"
"C:/Users/Duncan/git/ForthCPU/busInterface/source/busInterface.v=work,Verilog 2001"
"C:/Users/Duncan/git/ForthCPU/registerSequencer/source/registerSequencer.v=work,Verilog 2001"
"C:/Users/Duncan/git/ForthCPU/registerFileB/source/registerFile.v=work,Verilog 2001"
"C:/Users/Duncan/git/ForthCPU/registerFileB/source/registers.v=work,Verilog 2001"
"C:/Users/Duncan/git/ForthCPU/aluB/source/fullALU.v=work,Verilog 2001"
"C:/Users/Duncan/git/ForthCPU/aluB/source/alu.v=work,Verilog 2001"
"C:/Users/Duncan/git/ForthCPU/aluB/source/aluAMux.v=work,Verilog 2001"
"C:/Users/Duncan/git/ForthCPU/aluB/source/aluBMux.v=work,Verilog 2001"
"C:/Users/Duncan/git/ForthCPU/aluB/source/ccRegisters.v=work,Verilog 2001"
"C:/Users/Duncan/git/ForthCPU/programCounter/source/programCounter.v=work,Verilog 2001"
"C:/Users/Duncan/git/ForthCPU/interruptLogic/source/interruptStateMachine.v=work,Verilog 2001"
"C:/Users/Duncan/git/ForthCPU/interruptLogic/source/interruptMaskRegister.v=work,Verilog 2001"
"C:/Users/Duncan/git/ForthCPU/addressBusController/source/addressBusController.v=work,Verilog 2001"
"C:/Users/Duncan/git/ForthCPU/dataBusController/source/dataBusController.v=work,Verilog 2001"
