"C:/Users/Duncan/git/ForthCPU/registerFile/source/dpram.v=work,"
"C:/Users/Duncan/git/ForthCPU/registerFile/source/register_file.v=work,"
"C:/Users/Duncan/git/ForthCPU/loadStoreGroupDecoder/source/loadStoreGroupDecoder.v=work,"
"C:/Users/Duncan/git/ForthCPU/programCounter/source/programCounter.v=work,"
"C:/Users/Duncan/git/ForthCPU/jumpGroupDecoder/source/programCounterGroupDecoder.v=work,"
"C:/Users/Duncan/git/ForthCPU/aluGroupDecoder/source/aluGroupDecoder.v=work,"
"C:/Users/Duncan/git/ForthCPU/alu/source/incrementer.v=work,"
"C:/Users/Duncan/git/ForthCPU/alu/source/alu.v=work,"
"C:/Users/Duncan/git/ForthCPU/alu/source/aluBlock.v=work,"
"C:/Users/Duncan/git/ForthCPU/alu/source/aluBMux.v=work,"
"C:/Users/Duncan/git/ForthCPU/alu/source/fullALU.v=work,"
"C:/Users/Duncan/git/ForthCPU/addressBusController/source/addressBusController.v=work,"
"C:/Users/Duncan/git/ForthCPU/processorCore/source/opxMultiplexer.v=work,"
"C:/Users/Duncan/git/ForthCPU/instructionPhaseDecoder/source/instructionPhaseDecoder.v=work,"
"C:/Users/Duncan/git/ForthCPU/processorCore/source/core.v=work,"
"C:/Users/Duncan/git/ForthCPU/processorCore/test/processorCoreTests.v=work,"
"C:/Users/Duncan/git/ForthCPU/constants.v=work,"
"C:/Users/Duncan/git/ForthCPU/registerFile/source/dpram.v=work,"
"C:/Users/Duncan/git/ForthCPU/registerFile/source/dpram.v=work,"
