"C:/Users/Duncan/git/ForthCPU/processorCoreInstructionTests.sv=work,System Verilog"
"C:/Users/Duncan/git/ForthCPU/constants.v=work,Verilog 2001"
"C:/Users/Duncan/git/ForthCPU/instructionTestSetup.sv=work,System Verilog"
"C:/Users/Duncan/git/ForthCPU/aluB/source/alu.v=work,Verilog 2001"
"C:/Users/Duncan/git/ForthCPU/aluB/source/aluAMux.v=work,Verilog 2001"
"C:/Users/Duncan/git/ForthCPU/aluB/source/aluBMux.v=work,Verilog 2001"
"C:/Users/Duncan/git/ForthCPU/aluB/source/fullALU.v=work,Verilog 2001"
"C:/Users/Duncan/git/ForthCPU/aluB/source/ccRegisters.v=work,Verilog 2001"
"C:/Users/Duncan/git/ForthCPU/aluGroupDecoder/source/aluGroupDecoder.v=work,Verilog 2001"
"C:/Users/Duncan/git/ForthCPU/busController/source/busController.v=work,Verilog 2001"
"C:/Users/Duncan/git/ForthCPU/busController/source/busSequencer.v=work,Verilog 2001"
"C:/Users/Duncan/git/ForthCPU/debugPort/source/debugDecoder.v=work,Verilog 2001"
"C:/Users/Duncan/git/ForthCPU/debugPort/source/debugPort.v=work,Verilog 2001"
"C:/Users/Duncan/git/ForthCPU/debugPort/source/oneOfEightDecoder.v=work,Verilog 2001"
"C:/Users/Duncan/git/ForthCPU/debugPort/source/register.v=work,Verilog 2001"
"C:/Users/Duncan/git/ForthCPU/debugPort/source/requestGenerator.v=work,Verilog 2001"
"C:/Users/Duncan/git/ForthCPU/debugPort/source/stopSynchroniser.v=work,Verilog 2001"
"C:/Users/Duncan/git/ForthCPU/debugPort/source/upCounter.v=work,Verilog 2001"
"C:/Users/Duncan/git/ForthCPU/generalGroupDecoder/source/generalGroupDecoder.v=work,Verilog 2001"
"C:/Users/Duncan/git/ForthCPU/instructionPhaseDecoder/source/instructionPhaseDecoder.v=work,Verilog 2001"
"C:/Users/Duncan/git/ForthCPU/interruptLogic/source/interruptStateMachine.v=work,Verilog 2001"
"C:/Users/Duncan/git/ForthCPU/jumpGroupDecoder/source/jumpGroupDecoder.v=work,Verilog 2001"
"C:/Users/Duncan/git/ForthCPU/loadStoreGroupDecoder/source/loadStoreGroupDecoder.v=work,Verilog 2001"
"C:/Users/Duncan/git/ForthCPU/opxMultiplexer/source/opxMultiplexer.v=work,Verilog 2001"
"C:/Users/Duncan/git/ForthCPU/processorCore/source/core.v=work,Verilog 2001"
"C:/Users/Duncan/git/ForthCPU/programCounter/source/programCounter.v=work,Verilog 2001"
"C:/Users/Duncan/git/ForthCPU/registerFileB/source/registers.v=work,Verilog 2001"
"C:/Users/Duncan/git/ForthCPU/registerFileB/source/registerFile.v=work,Verilog 2001"
"C:/Users/Duncan/git/ForthCPU/registerFileB/source/registers.v=work,"
"C:/Users/Duncan/git/ForthCPU/registerFileB/source/registers.v=work,"
"C:/Users/Duncan/git/ForthCPU/registerSequencer/source/registerSequencer.v=work,Verilog 2001"
"C:/Users/Duncan/git/ForthCPU/processorCore/source/transparentLatch.v=work,Verilog 2001"
