"C:/Users/Duncan/git/ForthCPU/debugPortV2/test/requestGeneratorTests.v=work,Verilog 2001"
"C:/Users/Duncan/git/ForthCPU/constants.v=work,Verilog 2001"
"C:/Users/Duncan/git/ForthCPU/debugPortV2/source/requestGenerator.v=work,Verilog 2001"
"C:/Users/Duncan/git/ForthCPU/testSetup.v=work,Verilog 2001"
"C:/Users/Duncan/git/ForthCPU/debugSnooper/source/snooper.v=work,Verilog 2001"
"C:/Users/Duncan/git/ForthCPU/debugWatcher/source/watcher.v=work,Verilog 2001"
"C:/Users/Duncan/git/ForthCPU/debugWatcher/source/addressWatcher.v=work,Verilog 2001"
"C:/Users/Duncan/git/ForthCPU/programCounter/source/programCounter.v=work,Verilog 2001"
"C:/Users/Duncan/git/ForthCPU/generics/source/oneOfSixteenDecoder.v=work,Verilog 2001"
"C:/Users/Duncan/git/ForthCPU/generics/source/synchronizer.v=work,Verilog 2001"
"C:/Users/Duncan/git/ForthCPU/generics/source/wordSynchronizer.v=work,Verilog 2001"
"C:/Users/Duncan/git/ForthCPU/generics/source/wordRegister.v=work,Verilog 2001"
"C:/Users/Duncan/git/ForthCPU/instructionPhaseDecoder/source/instructionPhaseDecoder.v=work,Verilog 2001"
