

@S |Clock Optimization Summary



#### START OF PREMAP CLOCK OPTIMIZATION REPORT #####[

1 non-gated/non-generated clock tree(s) driving 171 clock pin(s) of sequential element(s)
2 gated/generated clock tree(s) driving 17 clock pin(s) of sequential element(s)
0 instances converted, 17 sequential instances remain driven by gated/generated clocks

=========================================== Non-Gated/Non-Generated Clocks ============================================
Clock Tree ID     Driving Element     Drive Element Type     Fanout     Sample Instance                                
-----------------------------------------------------------------------------------------------------------------------
@KP:ckid0_0       CLK                 port                   171        mcuResourcesInst.interruptMaskRegisterInst.INT1
=======================================================================================================================
================================================================================ Gated/Generated Clocks ================================================================================
Clock Tree ID     Driving Element                                 Drive Element Type     Unconverted Fanout     Sample Instance                          Explanation                    
----------------------------------------------------------------------------------------------------------------------------------------------------------------------------------------
@KP:ckid0_1       coreInst.fullALUInst.aluInst.un1_ALUX_2.OUT     and                    16                     coreInst.fullALUInst.aluInst.tmp[15]     Clock source is invalid for GCC
@KP:ckid0_2       coreInst.fullALUInst.aluInst.un1_ALUX_1.OUT     and                    1                      coreInst.fullALUInst.aluInst.CARRY       Clock source is invalid for GCC
========================================================================================================================================================================================


##### END OF CLOCK OPTIMIZATION REPORT ######

