
Loading design for application trce from file forthcpu_programcounter.ncd.
Design name: pc_test_harness
NCD version: 3.3
Vendor:      LATTICE
Device:      LCMXO3L-6900C
Package:     CABGA256
Performance: 5
Loading device for application trce from file 'xo3c6900.nph' in environment: C:/lscc/diamond/3.12/ispfpga.
Package Status:                     Final          Version 1.17.
Performance Hardware Data Status:   Final          Version 37.5.
Setup and Hold Report

--------------------------------------------------------------------------------
Lattice TRACE Report - Setup, Version Diamond (64-bit) 3.12.1.454
Tue Sep 12 18:23:36 2023

Copyright (c) 1991-1994 by NeoCAD Inc. All rights reserved.
Copyright (c) 1995 AT&T Corp.   All rights reserved.
Copyright (c) 1995-2001 Lucent Technologies Inc.  All rights reserved.
Copyright (c) 2001 Agere Systems   All rights reserved.
Copyright (c) 2002-2020 Lattice Semiconductor Corporation,  All rights reserved.

Report Information
------------------
Command line:    trce -v 10 -gt -sethld -sp 5 -sphld m -o ForthCPU_programCounter.twr -gui -msgset C:/Users/Duncan/git/ForthCPU/promote.xml ForthCPU_programCounter.ncd ForthCPU_programCounter.prf 
Design file:     forthcpu_programcounter.ncd
Preference file: forthcpu_programcounter.prf
Device,speed:    LCMXO3L-6900C,5
Report level:    verbose report, limited to 10 items per preference
--------------------------------------------------------------------------------

BLOCK ASYNCPATHS
BLOCK RESETPATHS
BLOCK JTAG PATHS
--------------------------------------------------------------------------------



================================================================================
Preference: FREQUENCY NET "clk" 20.460000 MHz ;
            0 items scored, 0 timing errors detected.
--------------------------------------------------------------------------------


================================================================================
Preference: FREQUENCY NET "CLKOS" 0.156250 MHz ;
            37 items scored, 0 timing errors detected.
--------------------------------------------------------------------------------


Passed: The following path meets requirements by 6397.071ns

 Logical Details:  Cell type  Pin type       Cell/ASIC name  (clock net +/-)

   Source:         FF         Q              psc/next[0]  (from CLKOS +)
   Destination:    FF         Data in        psc/next[7]  (to CLKOS +)

   Delay:               2.729ns  (78.8% logic, 21.2% route), 6 logic levels.

 Constraint Details:

      2.729ns physical path delay psc/SLICE_8 to psc/SLICE_9 meets
    6400.000ns delay constraint less
      0.050ns total jitter less
      0.000ns skew and
      0.150ns DIN_SET requirement (totaling 6399.800ns) by 6397.071ns

 Physical Path Details:

      Data path psc/SLICE_8 to psc/SLICE_9:

   Name    Fanout   Delay (ns)          Site               Resource
REG_DEL     ---     0.409     R2C19A.CLK to      R2C19A.Q1 psc/SLICE_8 (from CLKOS)
ROUTE         1     0.579      R2C19A.Q1 to      R2C19A.A1 psc/next[0]
C1TOFCO_DE  ---     0.786      R2C19A.A1 to     R2C19A.FCO psc/SLICE_8
ROUTE         1     0.000     R2C19A.FCO to     R2C19B.FCI psc/next_cry[0]
FCITOFCO_D  ---     0.146     R2C19B.FCI to     R2C19B.FCO psc/SLICE_12
ROUTE         1     0.000     R2C19B.FCO to     R2C19C.FCI psc/next_cry[2]
FCITOFCO_D  ---     0.146     R2C19C.FCI to     R2C19C.FCO psc/SLICE_11
ROUTE         1     0.000     R2C19C.FCO to     R2C19D.FCI psc/next_cry[4]
FCITOFCO_D  ---     0.146     R2C19D.FCI to     R2C19D.FCO psc/SLICE_10
ROUTE         1     0.000     R2C19D.FCO to     R2C20A.FCI psc/next_cry[6]
FCITOF0_DE  ---     0.517     R2C20A.FCI to      R2C20A.F0 psc/SLICE_9
ROUTE         1     0.000      R2C20A.F0 to     R2C20A.DI0 psc/next_s[7] (to CLKOS)
                  --------
                    2.729   (78.8% logic, 21.2% route), 6 logic levels.

 Clock Skew Details: 

      Source Clock Path pll_inst/PLLInst_0 to psc/SLICE_8:

   Name    Fanout   Delay (ns)          Site               Resource
ROUTE         5     3.441    LPLL.CLKOS3 to     R2C19A.CLK CLKOS
                  --------
                    3.441   (0.0% logic, 100.0% route), 0 logic levels.

      Destination Clock Path pll_inst/PLLInst_0 to psc/SLICE_9:

   Name    Fanout   Delay (ns)          Site               Resource
ROUTE         5     3.441    LPLL.CLKOS3 to     R2C20A.CLK CLKOS
                  --------
                    3.441   (0.0% logic, 100.0% route), 0 logic levels.

 Total jitter: 0.050ns
     0.050ns (system jitter)


Passed: The following path meets requirements by 6397.098ns

 Logical Details:  Cell type  Pin type       Cell/ASIC name  (clock net +/-)

   Source:         FF         Q              psc/next[1]  (from CLKOS +)
   Destination:    FF         Data in        psc/next[7]  (to CLKOS +)

   Delay:               2.702ns  (78.6% logic, 21.4% route), 5 logic levels.

 Constraint Details:

      2.702ns physical path delay psc/SLICE_12 to psc/SLICE_9 meets
    6400.000ns delay constraint less
      0.050ns total jitter less
      0.000ns skew and
      0.150ns DIN_SET requirement (totaling 6399.800ns) by 6397.098ns

 Physical Path Details:

      Data path psc/SLICE_12 to psc/SLICE_9:

   Name    Fanout   Delay (ns)          Site               Resource
REG_DEL     ---     0.409     R2C19B.CLK to      R2C19B.Q0 psc/SLICE_12 (from CLKOS)
ROUTE         1     0.579      R2C19B.Q0 to      R2C19B.A0 psc/next[1]
C0TOFCO_DE  ---     0.905      R2C19B.A0 to     R2C19B.FCO psc/SLICE_12
ROUTE         1     0.000     R2C19B.FCO to     R2C19C.FCI psc/next_cry[2]
FCITOFCO_D  ---     0.146     R2C19C.FCI to     R2C19C.FCO psc/SLICE_11
ROUTE         1     0.000     R2C19C.FCO to     R2C19D.FCI psc/next_cry[4]
FCITOFCO_D  ---     0.146     R2C19D.FCI to     R2C19D.FCO psc/SLICE_10
ROUTE         1     0.000     R2C19D.FCO to     R2C20A.FCI psc/next_cry[6]
FCITOF0_DE  ---     0.517     R2C20A.FCI to      R2C20A.F0 psc/SLICE_9
ROUTE         1     0.000      R2C20A.F0 to     R2C20A.DI0 psc/next_s[7] (to CLKOS)
                  --------
                    2.702   (78.6% logic, 21.4% route), 5 logic levels.

 Clock Skew Details: 

      Source Clock Path pll_inst/PLLInst_0 to psc/SLICE_12:

   Name    Fanout   Delay (ns)          Site               Resource
ROUTE         5     3.441    LPLL.CLKOS3 to     R2C19B.CLK CLKOS
                  --------
                    3.441   (0.0% logic, 100.0% route), 0 logic levels.

      Destination Clock Path pll_inst/PLLInst_0 to psc/SLICE_9:

   Name    Fanout   Delay (ns)          Site               Resource
ROUTE         5     3.441    LPLL.CLKOS3 to     R2C20A.CLK CLKOS
                  --------
                    3.441   (0.0% logic, 100.0% route), 0 logic levels.

 Total jitter: 0.050ns
     0.050ns (system jitter)


Passed: The following path meets requirements by 6397.165ns

 Logical Details:  Cell type  Pin type       Cell/ASIC name  (clock net +/-)

   Source:         FF         Q              psc/next[0]  (from CLKOS +)
   Destination:    FF         Data in        psc/next[6]  (to CLKOS +)

   Delay:               2.635ns  (78.0% logic, 22.0% route), 5 logic levels.

 Constraint Details:

      2.635ns physical path delay psc/SLICE_8 to psc/SLICE_10 meets
    6400.000ns delay constraint less
      0.050ns total jitter less
      0.000ns skew and
      0.150ns DIN_SET requirement (totaling 6399.800ns) by 6397.165ns

 Physical Path Details:

      Data path psc/SLICE_8 to psc/SLICE_10:

   Name    Fanout   Delay (ns)          Site               Resource
REG_DEL     ---     0.409     R2C19A.CLK to      R2C19A.Q1 psc/SLICE_8 (from CLKOS)
ROUTE         1     0.579      R2C19A.Q1 to      R2C19A.A1 psc/next[0]
C1TOFCO_DE  ---     0.786      R2C19A.A1 to     R2C19A.FCO psc/SLICE_8
ROUTE         1     0.000     R2C19A.FCO to     R2C19B.FCI psc/next_cry[0]
FCITOFCO_D  ---     0.146     R2C19B.FCI to     R2C19B.FCO psc/SLICE_12
ROUTE         1     0.000     R2C19B.FCO to     R2C19C.FCI psc/next_cry[2]
FCITOFCO_D  ---     0.146     R2C19C.FCI to     R2C19C.FCO psc/SLICE_11
ROUTE         1     0.000     R2C19C.FCO to     R2C19D.FCI psc/next_cry[4]
FCITOF1_DE  ---     0.569     R2C19D.FCI to      R2C19D.F1 psc/SLICE_10
ROUTE         1     0.000      R2C19D.F1 to     R2C19D.DI1 psc/next_s[6] (to CLKOS)
                  --------
                    2.635   (78.0% logic, 22.0% route), 5 logic levels.

 Clock Skew Details: 

      Source Clock Path pll_inst/PLLInst_0 to psc/SLICE_8:

   Name    Fanout   Delay (ns)          Site               Resource
ROUTE         5     3.441    LPLL.CLKOS3 to     R2C19A.CLK CLKOS
                  --------
                    3.441   (0.0% logic, 100.0% route), 0 logic levels.

      Destination Clock Path pll_inst/PLLInst_0 to psc/SLICE_10:

   Name    Fanout   Delay (ns)          Site               Resource
ROUTE         5     3.441    LPLL.CLKOS3 to     R2C19D.CLK CLKOS
                  --------
                    3.441   (0.0% logic, 100.0% route), 0 logic levels.

 Total jitter: 0.050ns
     0.050ns (system jitter)


Passed: The following path meets requirements by 6397.192ns

 Logical Details:  Cell type  Pin type       Cell/ASIC name  (clock net +/-)

   Source:         FF         Q              psc/next[1]  (from CLKOS +)
   Destination:    FF         Data in        psc/next[6]  (to CLKOS +)

   Delay:               2.608ns  (77.8% logic, 22.2% route), 4 logic levels.

 Constraint Details:

      2.608ns physical path delay psc/SLICE_12 to psc/SLICE_10 meets
    6400.000ns delay constraint less
      0.050ns total jitter less
      0.000ns skew and
      0.150ns DIN_SET requirement (totaling 6399.800ns) by 6397.192ns

 Physical Path Details:

      Data path psc/SLICE_12 to psc/SLICE_10:

   Name    Fanout   Delay (ns)          Site               Resource
REG_DEL     ---     0.409     R2C19B.CLK to      R2C19B.Q0 psc/SLICE_12 (from CLKOS)
ROUTE         1     0.579      R2C19B.Q0 to      R2C19B.A0 psc/next[1]
C0TOFCO_DE  ---     0.905      R2C19B.A0 to     R2C19B.FCO psc/SLICE_12
ROUTE         1     0.000     R2C19B.FCO to     R2C19C.FCI psc/next_cry[2]
FCITOFCO_D  ---     0.146     R2C19C.FCI to     R2C19C.FCO psc/SLICE_11
ROUTE         1     0.000     R2C19C.FCO to     R2C19D.FCI psc/next_cry[4]
FCITOF1_DE  ---     0.569     R2C19D.FCI to      R2C19D.F1 psc/SLICE_10
ROUTE         1     0.000      R2C19D.F1 to     R2C19D.DI1 psc/next_s[6] (to CLKOS)
                  --------
                    2.608   (77.8% logic, 22.2% route), 4 logic levels.

 Clock Skew Details: 

      Source Clock Path pll_inst/PLLInst_0 to psc/SLICE_12:

   Name    Fanout   Delay (ns)          Site               Resource
ROUTE         5     3.441    LPLL.CLKOS3 to     R2C19B.CLK CLKOS
                  --------
                    3.441   (0.0% logic, 100.0% route), 0 logic levels.

      Destination Clock Path pll_inst/PLLInst_0 to psc/SLICE_10:

   Name    Fanout   Delay (ns)          Site               Resource
ROUTE         5     3.441    LPLL.CLKOS3 to     R2C19D.CLK CLKOS
                  --------
                    3.441   (0.0% logic, 100.0% route), 0 logic levels.

 Total jitter: 0.050ns
     0.050ns (system jitter)


Passed: The following path meets requirements by 6397.217ns

 Logical Details:  Cell type  Pin type       Cell/ASIC name  (clock net +/-)

   Source:         FF         Q              psc/next[2]  (from CLKOS +)
   Destination:    FF         Data in        psc/next[7]  (to CLKOS +)

   Delay:               2.583ns  (77.6% logic, 22.4% route), 5 logic levels.

 Constraint Details:

      2.583ns physical path delay psc/SLICE_12 to psc/SLICE_9 meets
    6400.000ns delay constraint less
      0.050ns total jitter less
      0.000ns skew and
      0.150ns DIN_SET requirement (totaling 6399.800ns) by 6397.217ns

 Physical Path Details:

      Data path psc/SLICE_12 to psc/SLICE_9:

   Name    Fanout   Delay (ns)          Site               Resource
REG_DEL     ---     0.409     R2C19B.CLK to      R2C19B.Q1 psc/SLICE_12 (from CLKOS)
ROUTE         1     0.579      R2C19B.Q1 to      R2C19B.A1 psc/next[2]
C1TOFCO_DE  ---     0.786      R2C19B.A1 to     R2C19B.FCO psc/SLICE_12
ROUTE         1     0.000     R2C19B.FCO to     R2C19C.FCI psc/next_cry[2]
FCITOFCO_D  ---     0.146     R2C19C.FCI to     R2C19C.FCO psc/SLICE_11
ROUTE         1     0.000     R2C19C.FCO to     R2C19D.FCI psc/next_cry[4]
FCITOFCO_D  ---     0.146     R2C19D.FCI to     R2C19D.FCO psc/SLICE_10
ROUTE         1     0.000     R2C19D.FCO to     R2C20A.FCI psc/next_cry[6]
FCITOF0_DE  ---     0.517     R2C20A.FCI to      R2C20A.F0 psc/SLICE_9
ROUTE         1     0.000      R2C20A.F0 to     R2C20A.DI0 psc/next_s[7] (to CLKOS)
                  --------
                    2.583   (77.6% logic, 22.4% route), 5 logic levels.

 Clock Skew Details: 

      Source Clock Path pll_inst/PLLInst_0 to psc/SLICE_12:

   Name    Fanout   Delay (ns)          Site               Resource
ROUTE         5     3.441    LPLL.CLKOS3 to     R2C19B.CLK CLKOS
                  --------
                    3.441   (0.0% logic, 100.0% route), 0 logic levels.

      Destination Clock Path pll_inst/PLLInst_0 to psc/SLICE_9:

   Name    Fanout   Delay (ns)          Site               Resource
ROUTE         5     3.441    LPLL.CLKOS3 to     R2C20A.CLK CLKOS
                  --------
                    3.441   (0.0% logic, 100.0% route), 0 logic levels.

 Total jitter: 0.050ns
     0.050ns (system jitter)


Passed: The following path meets requirements by 6397.217ns

 Logical Details:  Cell type  Pin type       Cell/ASIC name  (clock net +/-)

   Source:         FF         Q              psc/next[0]  (from CLKOS +)
   Destination:    FF         Data in        psc/next[5]  (to CLKOS +)

   Delay:               2.583ns  (77.6% logic, 22.4% route), 5 logic levels.

 Constraint Details:

      2.583ns physical path delay psc/SLICE_8 to psc/SLICE_10 meets
    6400.000ns delay constraint less
      0.050ns total jitter less
      0.000ns skew and
      0.150ns DIN_SET requirement (totaling 6399.800ns) by 6397.217ns

 Physical Path Details:

      Data path psc/SLICE_8 to psc/SLICE_10:

   Name    Fanout   Delay (ns)          Site               Resource
REG_DEL     ---     0.409     R2C19A.CLK to      R2C19A.Q1 psc/SLICE_8 (from CLKOS)
ROUTE         1     0.579      R2C19A.Q1 to      R2C19A.A1 psc/next[0]
C1TOFCO_DE  ---     0.786      R2C19A.A1 to     R2C19A.FCO psc/SLICE_8
ROUTE         1     0.000     R2C19A.FCO to     R2C19B.FCI psc/next_cry[0]
FCITOFCO_D  ---     0.146     R2C19B.FCI to     R2C19B.FCO psc/SLICE_12
ROUTE         1     0.000     R2C19B.FCO to     R2C19C.FCI psc/next_cry[2]
FCITOFCO_D  ---     0.146     R2C19C.FCI to     R2C19C.FCO psc/SLICE_11
ROUTE         1     0.000     R2C19C.FCO to     R2C19D.FCI psc/next_cry[4]
FCITOF0_DE  ---     0.517     R2C19D.FCI to      R2C19D.F0 psc/SLICE_10
ROUTE         1     0.000      R2C19D.F0 to     R2C19D.DI0 psc/next_s[5] (to CLKOS)
                  --------
                    2.583   (77.6% logic, 22.4% route), 5 logic levels.

 Clock Skew Details: 

      Source Clock Path pll_inst/PLLInst_0 to psc/SLICE_8:

   Name    Fanout   Delay (ns)          Site               Resource
ROUTE         5     3.441    LPLL.CLKOS3 to     R2C19A.CLK CLKOS
                  --------
                    3.441   (0.0% logic, 100.0% route), 0 logic levels.

      Destination Clock Path pll_inst/PLLInst_0 to psc/SLICE_10:

   Name    Fanout   Delay (ns)          Site               Resource
ROUTE         5     3.441    LPLL.CLKOS3 to     R2C19D.CLK CLKOS
                  --------
                    3.441   (0.0% logic, 100.0% route), 0 logic levels.

 Total jitter: 0.050ns
     0.050ns (system jitter)


Passed: The following path meets requirements by 6397.244ns

 Logical Details:  Cell type  Pin type       Cell/ASIC name  (clock net +/-)

   Source:         FF         Q              psc/next[1]  (from CLKOS +)
   Destination:    FF         Data in        psc/next[5]  (to CLKOS +)

   Delay:               2.556ns  (77.3% logic, 22.7% route), 4 logic levels.

 Constraint Details:

      2.556ns physical path delay psc/SLICE_12 to psc/SLICE_10 meets
    6400.000ns delay constraint less
      0.050ns total jitter less
      0.000ns skew and
      0.150ns DIN_SET requirement (totaling 6399.800ns) by 6397.244ns

 Physical Path Details:

      Data path psc/SLICE_12 to psc/SLICE_10:

   Name    Fanout   Delay (ns)          Site               Resource
REG_DEL     ---     0.409     R2C19B.CLK to      R2C19B.Q0 psc/SLICE_12 (from CLKOS)
ROUTE         1     0.579      R2C19B.Q0 to      R2C19B.A0 psc/next[1]
C0TOFCO_DE  ---     0.905      R2C19B.A0 to     R2C19B.FCO psc/SLICE_12
ROUTE         1     0.000     R2C19B.FCO to     R2C19C.FCI psc/next_cry[2]
FCITOFCO_D  ---     0.146     R2C19C.FCI to     R2C19C.FCO psc/SLICE_11
ROUTE         1     0.000     R2C19C.FCO to     R2C19D.FCI psc/next_cry[4]
FCITOF0_DE  ---     0.517     R2C19D.FCI to      R2C19D.F0 psc/SLICE_10
ROUTE         1     0.000      R2C19D.F0 to     R2C19D.DI0 psc/next_s[5] (to CLKOS)
                  --------
                    2.556   (77.3% logic, 22.7% route), 4 logic levels.

 Clock Skew Details: 

      Source Clock Path pll_inst/PLLInst_0 to psc/SLICE_12:

   Name    Fanout   Delay (ns)          Site               Resource
ROUTE         5     3.441    LPLL.CLKOS3 to     R2C19B.CLK CLKOS
                  --------
                    3.441   (0.0% logic, 100.0% route), 0 logic levels.

      Destination Clock Path pll_inst/PLLInst_0 to psc/SLICE_10:

   Name    Fanout   Delay (ns)          Site               Resource
ROUTE         5     3.441    LPLL.CLKOS3 to     R2C19D.CLK CLKOS
                  --------
                    3.441   (0.0% logic, 100.0% route), 0 logic levels.

 Total jitter: 0.050ns
     0.050ns (system jitter)


Passed: The following path meets requirements by 6397.244ns

 Logical Details:  Cell type  Pin type       Cell/ASIC name  (clock net +/-)

   Source:         FF         Q              psc/next[3]  (from CLKOS +)
   Destination:    FF         Data in        psc/next[7]  (to CLKOS +)

   Delay:               2.556ns  (77.3% logic, 22.7% route), 4 logic levels.

 Constraint Details:

      2.556ns physical path delay psc/SLICE_11 to psc/SLICE_9 meets
    6400.000ns delay constraint less
      0.050ns total jitter less
      0.000ns skew and
      0.150ns DIN_SET requirement (totaling 6399.800ns) by 6397.244ns

 Physical Path Details:

      Data path psc/SLICE_11 to psc/SLICE_9:

   Name    Fanout   Delay (ns)          Site               Resource
REG_DEL     ---     0.409     R2C19C.CLK to      R2C19C.Q0 psc/SLICE_11 (from CLKOS)
ROUTE         1     0.579      R2C19C.Q0 to      R2C19C.A0 psc/next[3]
C0TOFCO_DE  ---     0.905      R2C19C.A0 to     R2C19C.FCO psc/SLICE_11
ROUTE         1     0.000     R2C19C.FCO to     R2C19D.FCI psc/next_cry[4]
FCITOFCO_D  ---     0.146     R2C19D.FCI to     R2C19D.FCO psc/SLICE_10
ROUTE         1     0.000     R2C19D.FCO to     R2C20A.FCI psc/next_cry[6]
FCITOF0_DE  ---     0.517     R2C20A.FCI to      R2C20A.F0 psc/SLICE_9
ROUTE         1     0.000      R2C20A.F0 to     R2C20A.DI0 psc/next_s[7] (to CLKOS)
                  --------
                    2.556   (77.3% logic, 22.7% route), 4 logic levels.

 Clock Skew Details: 

      Source Clock Path pll_inst/PLLInst_0 to psc/SLICE_11:

   Name    Fanout   Delay (ns)          Site               Resource
ROUTE         5     3.441    LPLL.CLKOS3 to     R2C19C.CLK CLKOS
                  --------
                    3.441   (0.0% logic, 100.0% route), 0 logic levels.

      Destination Clock Path pll_inst/PLLInst_0 to psc/SLICE_9:

   Name    Fanout   Delay (ns)          Site               Resource
ROUTE         5     3.441    LPLL.CLKOS3 to     R2C20A.CLK CLKOS
                  --------
                    3.441   (0.0% logic, 100.0% route), 0 logic levels.

 Total jitter: 0.050ns
     0.050ns (system jitter)


Passed: The following path meets requirements by 6397.311ns

 Logical Details:  Cell type  Pin type       Cell/ASIC name  (clock net +/-)

   Source:         FF         Q              psc/next[2]  (from CLKOS +)
   Destination:    FF         Data in        psc/next[6]  (to CLKOS +)

   Delay:               2.489ns  (76.7% logic, 23.3% route), 4 logic levels.

 Constraint Details:

      2.489ns physical path delay psc/SLICE_12 to psc/SLICE_10 meets
    6400.000ns delay constraint less
      0.050ns total jitter less
      0.000ns skew and
      0.150ns DIN_SET requirement (totaling 6399.800ns) by 6397.311ns

 Physical Path Details:

      Data path psc/SLICE_12 to psc/SLICE_10:

   Name    Fanout   Delay (ns)          Site               Resource
REG_DEL     ---     0.409     R2C19B.CLK to      R2C19B.Q1 psc/SLICE_12 (from CLKOS)
ROUTE         1     0.579      R2C19B.Q1 to      R2C19B.A1 psc/next[2]
C1TOFCO_DE  ---     0.786      R2C19B.A1 to     R2C19B.FCO psc/SLICE_12
ROUTE         1     0.000     R2C19B.FCO to     R2C19C.FCI psc/next_cry[2]
FCITOFCO_D  ---     0.146     R2C19C.FCI to     R2C19C.FCO psc/SLICE_11
ROUTE         1     0.000     R2C19C.FCO to     R2C19D.FCI psc/next_cry[4]
FCITOF1_DE  ---     0.569     R2C19D.FCI to      R2C19D.F1 psc/SLICE_10
ROUTE         1     0.000      R2C19D.F1 to     R2C19D.DI1 psc/next_s[6] (to CLKOS)
                  --------
                    2.489   (76.7% logic, 23.3% route), 4 logic levels.

 Clock Skew Details: 

      Source Clock Path pll_inst/PLLInst_0 to psc/SLICE_12:

   Name    Fanout   Delay (ns)          Site               Resource
ROUTE         5     3.441    LPLL.CLKOS3 to     R2C19B.CLK CLKOS
                  --------
                    3.441   (0.0% logic, 100.0% route), 0 logic levels.

      Destination Clock Path pll_inst/PLLInst_0 to psc/SLICE_10:

   Name    Fanout   Delay (ns)          Site               Resource
ROUTE         5     3.441    LPLL.CLKOS3 to     R2C19D.CLK CLKOS
                  --------
                    3.441   (0.0% logic, 100.0% route), 0 logic levels.

 Total jitter: 0.050ns
     0.050ns (system jitter)


Passed: The following path meets requirements by 6397.311ns

 Logical Details:  Cell type  Pin type       Cell/ASIC name  (clock net +/-)

   Source:         FF         Q              psc/next[0]  (from CLKOS +)
   Destination:    FF         Data in        psc/next[4]  (to CLKOS +)

   Delay:               2.489ns  (76.7% logic, 23.3% route), 4 logic levels.

 Constraint Details:

      2.489ns physical path delay psc/SLICE_8 to psc/SLICE_11 meets
    6400.000ns delay constraint less
      0.050ns total jitter less
      0.000ns skew and
      0.150ns DIN_SET requirement (totaling 6399.800ns) by 6397.311ns

 Physical Path Details:

      Data path psc/SLICE_8 to psc/SLICE_11:

   Name    Fanout   Delay (ns)          Site               Resource
REG_DEL     ---     0.409     R2C19A.CLK to      R2C19A.Q1 psc/SLICE_8 (from CLKOS)
ROUTE         1     0.579      R2C19A.Q1 to      R2C19A.A1 psc/next[0]
C1TOFCO_DE  ---     0.786      R2C19A.A1 to     R2C19A.FCO psc/SLICE_8
ROUTE         1     0.000     R2C19A.FCO to     R2C19B.FCI psc/next_cry[0]
FCITOFCO_D  ---     0.146     R2C19B.FCI to     R2C19B.FCO psc/SLICE_12
ROUTE         1     0.000     R2C19B.FCO to     R2C19C.FCI psc/next_cry[2]
FCITOF1_DE  ---     0.569     R2C19C.FCI to      R2C19C.F1 psc/SLICE_11
ROUTE         1     0.000      R2C19C.F1 to     R2C19C.DI1 psc/next_s[4] (to CLKOS)
                  --------
                    2.489   (76.7% logic, 23.3% route), 4 logic levels.

 Clock Skew Details: 

      Source Clock Path pll_inst/PLLInst_0 to psc/SLICE_8:

   Name    Fanout   Delay (ns)          Site               Resource
ROUTE         5     3.441    LPLL.CLKOS3 to     R2C19A.CLK CLKOS
                  --------
                    3.441   (0.0% logic, 100.0% route), 0 logic levels.

      Destination Clock Path pll_inst/PLLInst_0 to psc/SLICE_11:

   Name    Fanout   Delay (ns)          Site               Resource
ROUTE         5     3.441    LPLL.CLKOS3 to     R2C19C.CLK CLKOS
                  --------
                    3.441   (0.0% logic, 100.0% route), 0 logic levels.

 Total jitter: 0.050ns
     0.050ns (system jitter)

Report:  341.413MHz is the maximum frequency for this preference.


================================================================================
Preference: FREQUENCY NET "pll_inst/CLKOP" 10.000000 MHz ;
            0 items scored, 0 timing errors detected.
--------------------------------------------------------------------------------


================================================================================
Preference: INPUT_SETUP ALLPORTS 50.000000 ns HOLD 12.000000 ns CLKNET "clk" ; Setup Analysis.
            0 items scored, 0 timing errors detected.
--------------------------------------------------------------------------------


================================================================================
Preference: INPUT_SETUP PORT "reset" 50.000000 ns CLKNET "clk" ;
            0 items scored, 0 timing errors detected.
--------------------------------------------------------------------------------

Report Summary
--------------
----------------------------------------------------------------------------
Preference                              |   Constraint|       Actual|Levels
----------------------------------------------------------------------------
                                        |             |             |
FREQUENCY NET "clk" 20.460000 MHz ;     |            -|            -|   0  
                                        |             |             |
FREQUENCY NET "CLKOS" 0.156250 MHz ;    |    0.156 MHz|  341.413 MHz|   6  
                                        |             |             |
FREQUENCY NET "pll_inst/CLKOP"          |             |             |
10.000000 MHz ;                         |            -|            -|   0  
                                        |             |             |
INPUT_SETUP ALLPORTS 50.000000 ns HOLD  |             |             |
12.000000 ns CLKNET "clk" ; Setup       |             |             |
Analysis.                               |            -|            -|   0  
                                        |             |             |
INPUT_SETUP PORT "reset" 50.000000 ns   |             |             |
CLKNET "clk" ;                          |            -|            -|   0  
                                        |             |             |
----------------------------------------------------------------------------


All preferences were met.


Clock Domains Analysis
------------------------

Found 4 clocks:

Clock Domain: pll_inst/CLKOP   Source: pll_inst/PLLInst_0.CLKOP   Loads: 1
   No transfer within this clock domain is found

Clock Domain: pc_clk   Source: psc/SLICE_8.Q0   Loads: 10
   No transfer within this clock domain is found

Clock Domain: clk   Source: OSCinst0.OSC   Loads: 1
   No transfer within this clock domain is found

Clock Domain: CLKOS   Source: pll_inst/PLLInst_0.CLKOS3   Loads: 5
   Covered under: FREQUENCY NET "CLKOS" 0.156250 MHz ;


Timing summary (Setup):
---------------

Timing errors: 0  Score: 0
Cumulative negative slack: 0

Constraints cover 37 paths, 3 nets, and 39 connections (33.05% coverage)

--------------------------------------------------------------------------------
Lattice TRACE Report - Hold, Version Diamond (64-bit) 3.12.1.454
Tue Sep 12 18:23:36 2023

Copyright (c) 1991-1994 by NeoCAD Inc. All rights reserved.
Copyright (c) 1995 AT&T Corp.   All rights reserved.
Copyright (c) 1995-2001 Lucent Technologies Inc.  All rights reserved.
Copyright (c) 2001 Agere Systems   All rights reserved.
Copyright (c) 2002-2020 Lattice Semiconductor Corporation,  All rights reserved.

Report Information
------------------
Command line:    trce -v 10 -gt -sethld -sp 5 -sphld m -o ForthCPU_programCounter.twr -gui -msgset C:/Users/Duncan/git/ForthCPU/promote.xml ForthCPU_programCounter.ncd ForthCPU_programCounter.prf 
Design file:     forthcpu_programcounter.ncd
Preference file: forthcpu_programcounter.prf
Device,speed:    LCMXO3L-6900C,m
Report level:    verbose report, limited to 10 items per preference
--------------------------------------------------------------------------------

BLOCK ASYNCPATHS
BLOCK RESETPATHS
BLOCK JTAG PATHS
--------------------------------------------------------------------------------



================================================================================
Preference: FREQUENCY NET "clk" 20.460000 MHz ;
            0 items scored, 0 timing errors detected.
--------------------------------------------------------------------------------


================================================================================
Preference: FREQUENCY NET "CLKOS" 0.156250 MHz ;
            37 items scored, 0 timing errors detected.
--------------------------------------------------------------------------------


Passed: The following path meets requirements by 0.258ns

 Logical Details:  Cell type  Pin type       Cell/ASIC name  (clock net +/-)

   Source:         FF         Q              psc/next[7]  (from CLKOS +)
   Destination:    FF         Data in        psc/clk_out  (to CLKOS +)

   Delay:               0.289ns  (46.0% logic, 54.0% route), 1 logic levels.

 Constraint Details:

      0.289ns physical path delay psc/SLICE_9 to psc/SLICE_8 meets
     -0.019ns M_HLD and
      0.000ns delay constraint plus
      0.050ns total jitter less
      0.000ns skew requirement (totaling 0.031ns) by 0.258ns

 Physical Path Details:

      Data path psc/SLICE_9 to psc/SLICE_8:

   Name    Fanout   Delay (ns)          Site               Resource
REG_DEL     ---     0.133     R2C20A.CLK to      R2C20A.Q0 psc/SLICE_9 (from CLKOS)
ROUTE         2     0.156      R2C20A.Q0 to      R2C19A.M0 psc/next[7] (to CLKOS)
                  --------
                    0.289   (46.0% logic, 54.0% route), 1 logic levels.

 Clock Skew Details: 

      Source Clock Path pll_inst/PLLInst_0 to psc/SLICE_9:

   Name    Fanout   Delay (ns)          Site               Resource
ROUTE         5     1.252    LPLL.CLKOS3 to     R2C20A.CLK CLKOS
                  --------
                    1.252   (0.0% logic, 100.0% route), 0 logic levels.

      Destination Clock Path pll_inst/PLLInst_0 to psc/SLICE_8:

   Name    Fanout   Delay (ns)          Site               Resource
ROUTE         5     1.252    LPLL.CLKOS3 to     R2C19A.CLK CLKOS
                  --------
                    1.252   (0.0% logic, 100.0% route), 0 logic levels.

 Total jitter: 0.050ns
     0.050ns (system jitter)


Passed: The following path meets requirements by 0.327ns

 Logical Details:  Cell type  Pin type       Cell/ASIC name  (clock net +/-)

   Source:         FF         Q              psc/next[0]  (from CLKOS +)
   Destination:    FF         Data in        psc/next[0]  (to CLKOS +)

   Delay:               0.364ns  (64.3% logic, 35.7% route), 2 logic levels.

 Constraint Details:

      0.364ns physical path delay psc/SLICE_8 to psc/SLICE_8 meets
     -0.013ns DIN_HLD and
      0.000ns delay constraint plus
      0.050ns total jitter less
      0.000ns skew requirement (totaling 0.037ns) by 0.327ns

 Physical Path Details:

      Data path psc/SLICE_8 to psc/SLICE_8:

   Name    Fanout   Delay (ns)          Site               Resource
REG_DEL     ---     0.133     R2C19A.CLK to      R2C19A.Q1 psc/SLICE_8 (from CLKOS)
ROUTE         1     0.130      R2C19A.Q1 to      R2C19A.A1 psc/next[0]
CTOF_DEL    ---     0.101      R2C19A.A1 to      R2C19A.F1 psc/SLICE_8
ROUTE         1     0.000      R2C19A.F1 to     R2C19A.DI1 psc/next_s[0] (to CLKOS)
                  --------
                    0.364   (64.3% logic, 35.7% route), 2 logic levels.

 Clock Skew Details: 

      Source Clock Path pll_inst/PLLInst_0 to psc/SLICE_8:

   Name    Fanout   Delay (ns)          Site               Resource
ROUTE         5     1.252    LPLL.CLKOS3 to     R2C19A.CLK CLKOS
                  --------
                    1.252   (0.0% logic, 100.0% route), 0 logic levels.

      Destination Clock Path pll_inst/PLLInst_0 to psc/SLICE_8:

   Name    Fanout   Delay (ns)          Site               Resource
ROUTE         5     1.252    LPLL.CLKOS3 to     R2C19A.CLK CLKOS
                  --------
                    1.252   (0.0% logic, 100.0% route), 0 logic levels.

 Total jitter: 0.050ns
     0.050ns (system jitter)


Passed: The following path meets requirements by 0.327ns

 Logical Details:  Cell type  Pin type       Cell/ASIC name  (clock net +/-)

   Source:         FF         Q              psc/next[5]  (from CLKOS +)
   Destination:    FF         Data in        psc/next[5]  (to CLKOS +)

   Delay:               0.364ns  (64.3% logic, 35.7% route), 2 logic levels.

 Constraint Details:

      0.364ns physical path delay psc/SLICE_10 to psc/SLICE_10 meets
     -0.013ns DIN_HLD and
      0.000ns delay constraint plus
      0.050ns total jitter less
      0.000ns skew requirement (totaling 0.037ns) by 0.327ns

 Physical Path Details:

      Data path psc/SLICE_10 to psc/SLICE_10:

   Name    Fanout   Delay (ns)          Site               Resource
REG_DEL     ---     0.133     R2C19D.CLK to      R2C19D.Q0 psc/SLICE_10 (from CLKOS)
ROUTE         1     0.130      R2C19D.Q0 to      R2C19D.A0 psc/next[5]
CTOF_DEL    ---     0.101      R2C19D.A0 to      R2C19D.F0 psc/SLICE_10
ROUTE         1     0.000      R2C19D.F0 to     R2C19D.DI0 psc/next_s[5] (to CLKOS)
                  --------
                    0.364   (64.3% logic, 35.7% route), 2 logic levels.

 Clock Skew Details: 

      Source Clock Path pll_inst/PLLInst_0 to psc/SLICE_10:

   Name    Fanout   Delay (ns)          Site               Resource
ROUTE         5     1.252    LPLL.CLKOS3 to     R2C19D.CLK CLKOS
                  --------
                    1.252   (0.0% logic, 100.0% route), 0 logic levels.

      Destination Clock Path pll_inst/PLLInst_0 to psc/SLICE_10:

   Name    Fanout   Delay (ns)          Site               Resource
ROUTE         5     1.252    LPLL.CLKOS3 to     R2C19D.CLK CLKOS
                  --------
                    1.252   (0.0% logic, 100.0% route), 0 logic levels.

 Total jitter: 0.050ns
     0.050ns (system jitter)


Passed: The following path meets requirements by 0.327ns

 Logical Details:  Cell type  Pin type       Cell/ASIC name  (clock net +/-)

   Source:         FF         Q              psc/next[4]  (from CLKOS +)
   Destination:    FF         Data in        psc/next[4]  (to CLKOS +)

   Delay:               0.364ns  (64.3% logic, 35.7% route), 2 logic levels.

 Constraint Details:

      0.364ns physical path delay psc/SLICE_11 to psc/SLICE_11 meets
     -0.013ns DIN_HLD and
      0.000ns delay constraint plus
      0.050ns total jitter less
      0.000ns skew requirement (totaling 0.037ns) by 0.327ns

 Physical Path Details:

      Data path psc/SLICE_11 to psc/SLICE_11:

   Name    Fanout   Delay (ns)          Site               Resource
REG_DEL     ---     0.133     R2C19C.CLK to      R2C19C.Q1 psc/SLICE_11 (from CLKOS)
ROUTE         1     0.130      R2C19C.Q1 to      R2C19C.A1 psc/next[4]
CTOF_DEL    ---     0.101      R2C19C.A1 to      R2C19C.F1 psc/SLICE_11
ROUTE         1     0.000      R2C19C.F1 to     R2C19C.DI1 psc/next_s[4] (to CLKOS)
                  --------
                    0.364   (64.3% logic, 35.7% route), 2 logic levels.

 Clock Skew Details: 

      Source Clock Path pll_inst/PLLInst_0 to psc/SLICE_11:

   Name    Fanout   Delay (ns)          Site               Resource
ROUTE         5     1.252    LPLL.CLKOS3 to     R2C19C.CLK CLKOS
                  --------
                    1.252   (0.0% logic, 100.0% route), 0 logic levels.

      Destination Clock Path pll_inst/PLLInst_0 to psc/SLICE_11:

   Name    Fanout   Delay (ns)          Site               Resource
ROUTE         5     1.252    LPLL.CLKOS3 to     R2C19C.CLK CLKOS
                  --------
                    1.252   (0.0% logic, 100.0% route), 0 logic levels.

 Total jitter: 0.050ns
     0.050ns (system jitter)


Passed: The following path meets requirements by 0.327ns

 Logical Details:  Cell type  Pin type       Cell/ASIC name  (clock net +/-)

   Source:         FF         Q              psc/next[1]  (from CLKOS +)
   Destination:    FF         Data in        psc/next[1]  (to CLKOS +)

   Delay:               0.364ns  (64.3% logic, 35.7% route), 2 logic levels.

 Constraint Details:

      0.364ns physical path delay psc/SLICE_12 to psc/SLICE_12 meets
     -0.013ns DIN_HLD and
      0.000ns delay constraint plus
      0.050ns total jitter less
      0.000ns skew requirement (totaling 0.037ns) by 0.327ns

 Physical Path Details:

      Data path psc/SLICE_12 to psc/SLICE_12:

   Name    Fanout   Delay (ns)          Site               Resource
REG_DEL     ---     0.133     R2C19B.CLK to      R2C19B.Q0 psc/SLICE_12 (from CLKOS)
ROUTE         1     0.130      R2C19B.Q0 to      R2C19B.A0 psc/next[1]
CTOF_DEL    ---     0.101      R2C19B.A0 to      R2C19B.F0 psc/SLICE_12
ROUTE         1     0.000      R2C19B.F0 to     R2C19B.DI0 psc/next_s[1] (to CLKOS)
                  --------
                    0.364   (64.3% logic, 35.7% route), 2 logic levels.

 Clock Skew Details: 

      Source Clock Path pll_inst/PLLInst_0 to psc/SLICE_12:

   Name    Fanout   Delay (ns)          Site               Resource
ROUTE         5     1.252    LPLL.CLKOS3 to     R2C19B.CLK CLKOS
                  --------
                    1.252   (0.0% logic, 100.0% route), 0 logic levels.

      Destination Clock Path pll_inst/PLLInst_0 to psc/SLICE_12:

   Name    Fanout   Delay (ns)          Site               Resource
ROUTE         5     1.252    LPLL.CLKOS3 to     R2C19B.CLK CLKOS
                  --------
                    1.252   (0.0% logic, 100.0% route), 0 logic levels.

 Total jitter: 0.050ns
     0.050ns (system jitter)


Passed: The following path meets requirements by 0.327ns

 Logical Details:  Cell type  Pin type       Cell/ASIC name  (clock net +/-)

   Source:         FF         Q              psc/next[3]  (from CLKOS +)
   Destination:    FF         Data in        psc/next[3]  (to CLKOS +)

   Delay:               0.364ns  (64.3% logic, 35.7% route), 2 logic levels.

 Constraint Details:

      0.364ns physical path delay psc/SLICE_11 to psc/SLICE_11 meets
     -0.013ns DIN_HLD and
      0.000ns delay constraint plus
      0.050ns total jitter less
      0.000ns skew requirement (totaling 0.037ns) by 0.327ns

 Physical Path Details:

      Data path psc/SLICE_11 to psc/SLICE_11:

   Name    Fanout   Delay (ns)          Site               Resource
REG_DEL     ---     0.133     R2C19C.CLK to      R2C19C.Q0 psc/SLICE_11 (from CLKOS)
ROUTE         1     0.130      R2C19C.Q0 to      R2C19C.A0 psc/next[3]
CTOF_DEL    ---     0.101      R2C19C.A0 to      R2C19C.F0 psc/SLICE_11
ROUTE         1     0.000      R2C19C.F0 to     R2C19C.DI0 psc/next_s[3] (to CLKOS)
                  --------
                    0.364   (64.3% logic, 35.7% route), 2 logic levels.

 Clock Skew Details: 

      Source Clock Path pll_inst/PLLInst_0 to psc/SLICE_11:

   Name    Fanout   Delay (ns)          Site               Resource
ROUTE         5     1.252    LPLL.CLKOS3 to     R2C19C.CLK CLKOS
                  --------
                    1.252   (0.0% logic, 100.0% route), 0 logic levels.

      Destination Clock Path pll_inst/PLLInst_0 to psc/SLICE_11:

   Name    Fanout   Delay (ns)          Site               Resource
ROUTE         5     1.252    LPLL.CLKOS3 to     R2C19C.CLK CLKOS
                  --------
                    1.252   (0.0% logic, 100.0% route), 0 logic levels.

 Total jitter: 0.050ns
     0.050ns (system jitter)


Passed: The following path meets requirements by 0.327ns

 Logical Details:  Cell type  Pin type       Cell/ASIC name  (clock net +/-)

   Source:         FF         Q              psc/next[2]  (from CLKOS +)
   Destination:    FF         Data in        psc/next[2]  (to CLKOS +)

   Delay:               0.364ns  (64.3% logic, 35.7% route), 2 logic levels.

 Constraint Details:

      0.364ns physical path delay psc/SLICE_12 to psc/SLICE_12 meets
     -0.013ns DIN_HLD and
      0.000ns delay constraint plus
      0.050ns total jitter less
      0.000ns skew requirement (totaling 0.037ns) by 0.327ns

 Physical Path Details:

      Data path psc/SLICE_12 to psc/SLICE_12:

   Name    Fanout   Delay (ns)          Site               Resource
REG_DEL     ---     0.133     R2C19B.CLK to      R2C19B.Q1 psc/SLICE_12 (from CLKOS)
ROUTE         1     0.130      R2C19B.Q1 to      R2C19B.A1 psc/next[2]
CTOF_DEL    ---     0.101      R2C19B.A1 to      R2C19B.F1 psc/SLICE_12
ROUTE         1     0.000      R2C19B.F1 to     R2C19B.DI1 psc/next_s[2] (to CLKOS)
                  --------
                    0.364   (64.3% logic, 35.7% route), 2 logic levels.

 Clock Skew Details: 

      Source Clock Path pll_inst/PLLInst_0 to psc/SLICE_12:

   Name    Fanout   Delay (ns)          Site               Resource
ROUTE         5     1.252    LPLL.CLKOS3 to     R2C19B.CLK CLKOS
                  --------
                    1.252   (0.0% logic, 100.0% route), 0 logic levels.

      Destination Clock Path pll_inst/PLLInst_0 to psc/SLICE_12:

   Name    Fanout   Delay (ns)          Site               Resource
ROUTE         5     1.252    LPLL.CLKOS3 to     R2C19B.CLK CLKOS
                  --------
                    1.252   (0.0% logic, 100.0% route), 0 logic levels.

 Total jitter: 0.050ns
     0.050ns (system jitter)


Passed: The following path meets requirements by 0.327ns

 Logical Details:  Cell type  Pin type       Cell/ASIC name  (clock net +/-)

   Source:         FF         Q              psc/next[6]  (from CLKOS +)
   Destination:    FF         Data in        psc/next[6]  (to CLKOS +)

   Delay:               0.364ns  (64.3% logic, 35.7% route), 2 logic levels.

 Constraint Details:

      0.364ns physical path delay psc/SLICE_10 to psc/SLICE_10 meets
     -0.013ns DIN_HLD and
      0.000ns delay constraint plus
      0.050ns total jitter less
      0.000ns skew requirement (totaling 0.037ns) by 0.327ns

 Physical Path Details:

      Data path psc/SLICE_10 to psc/SLICE_10:

   Name    Fanout   Delay (ns)          Site               Resource
REG_DEL     ---     0.133     R2C19D.CLK to      R2C19D.Q1 psc/SLICE_10 (from CLKOS)
ROUTE         1     0.130      R2C19D.Q1 to      R2C19D.A1 psc/next[6]
CTOF_DEL    ---     0.101      R2C19D.A1 to      R2C19D.F1 psc/SLICE_10
ROUTE         1     0.000      R2C19D.F1 to     R2C19D.DI1 psc/next_s[6] (to CLKOS)
                  --------
                    0.364   (64.3% logic, 35.7% route), 2 logic levels.

 Clock Skew Details: 

      Source Clock Path pll_inst/PLLInst_0 to psc/SLICE_10:

   Name    Fanout   Delay (ns)          Site               Resource
ROUTE         5     1.252    LPLL.CLKOS3 to     R2C19D.CLK CLKOS
                  --------
                    1.252   (0.0% logic, 100.0% route), 0 logic levels.

      Destination Clock Path pll_inst/PLLInst_0 to psc/SLICE_10:

   Name    Fanout   Delay (ns)          Site               Resource
ROUTE         5     1.252    LPLL.CLKOS3 to     R2C19D.CLK CLKOS
                  --------
                    1.252   (0.0% logic, 100.0% route), 0 logic levels.

 Total jitter: 0.050ns
     0.050ns (system jitter)


Passed: The following path meets requirements by 0.329ns

 Logical Details:  Cell type  Pin type       Cell/ASIC name  (clock net +/-)

   Source:         FF         Q              psc/next[7]  (from CLKOS +)
   Destination:    FF         Data in        psc/next[7]  (to CLKOS +)

   Delay:               0.366ns  (63.9% logic, 36.1% route), 2 logic levels.

 Constraint Details:

      0.366ns physical path delay psc/SLICE_9 to psc/SLICE_9 meets
     -0.013ns DIN_HLD and
      0.000ns delay constraint plus
      0.050ns total jitter less
      0.000ns skew requirement (totaling 0.037ns) by 0.329ns

 Physical Path Details:

      Data path psc/SLICE_9 to psc/SLICE_9:

   Name    Fanout   Delay (ns)          Site               Resource
REG_DEL     ---     0.133     R2C20A.CLK to      R2C20A.Q0 psc/SLICE_9 (from CLKOS)
ROUTE         2     0.132      R2C20A.Q0 to      R2C20A.A0 psc/next[7]
CTOF_DEL    ---     0.101      R2C20A.A0 to      R2C20A.F0 psc/SLICE_9
ROUTE         1     0.000      R2C20A.F0 to     R2C20A.DI0 psc/next_s[7] (to CLKOS)
                  --------
                    0.366   (63.9% logic, 36.1% route), 2 logic levels.

 Clock Skew Details: 

      Source Clock Path pll_inst/PLLInst_0 to psc/SLICE_9:

   Name    Fanout   Delay (ns)          Site               Resource
ROUTE         5     1.252    LPLL.CLKOS3 to     R2C20A.CLK CLKOS
                  --------
                    1.252   (0.0% logic, 100.0% route), 0 logic levels.

      Destination Clock Path pll_inst/PLLInst_0 to psc/SLICE_9:

   Name    Fanout   Delay (ns)          Site               Resource
ROUTE         5     1.252    LPLL.CLKOS3 to     R2C20A.CLK CLKOS
                  --------
                    1.252   (0.0% logic, 100.0% route), 0 logic levels.

 Total jitter: 0.050ns
     0.050ns (system jitter)


Passed: The following path meets requirements by 0.451ns

 Logical Details:  Cell type  Pin type       Cell/ASIC name  (clock net +/-)

   Source:         FF         Q              psc/next[5]  (from CLKOS +)
   Destination:    FF         Data in        psc/next[6]  (to CLKOS +)

   Delay:               0.488ns  (73.4% logic, 26.6% route), 2 logic levels.

 Constraint Details:

      0.488ns physical path delay psc/SLICE_10 to psc/SLICE_10 meets
     -0.013ns DIN_HLD and
      0.000ns delay constraint plus
      0.050ns total jitter less
      0.000ns skew requirement (totaling 0.037ns) by 0.451ns

 Physical Path Details:

      Data path psc/SLICE_10 to psc/SLICE_10:

   Name    Fanout   Delay (ns)          Site               Resource
REG_DEL     ---     0.133     R2C19D.CLK to      R2C19D.Q0 psc/SLICE_10 (from CLKOS)
ROUTE         1     0.130      R2C19D.Q0 to      R2C19D.A0 psc/next[5]
CTOF1_DEL   ---     0.225      R2C19D.A0 to      R2C19D.F1 psc/SLICE_10
ROUTE         1     0.000      R2C19D.F1 to     R2C19D.DI1 psc/next_s[6] (to CLKOS)
                  --------
                    0.488   (73.4% logic, 26.6% route), 2 logic levels.

 Clock Skew Details: 

      Source Clock Path pll_inst/PLLInst_0 to psc/SLICE_10:

   Name    Fanout   Delay (ns)          Site               Resource
ROUTE         5     1.252    LPLL.CLKOS3 to     R2C19D.CLK CLKOS
                  --------
                    1.252   (0.0% logic, 100.0% route), 0 logic levels.

      Destination Clock Path pll_inst/PLLInst_0 to psc/SLICE_10:

   Name    Fanout   Delay (ns)          Site               Resource
ROUTE         5     1.252    LPLL.CLKOS3 to     R2C19D.CLK CLKOS
                  --------
                    1.252   (0.0% logic, 100.0% route), 0 logic levels.

 Total jitter: 0.050ns
     0.050ns (system jitter)


================================================================================
Preference: FREQUENCY NET "pll_inst/CLKOP" 10.000000 MHz ;
            0 items scored, 0 timing errors detected.
--------------------------------------------------------------------------------


================================================================================
Preference: INPUT_SETUP ALLPORTS 50.000000 ns HOLD 12.000000 ns CLKNET "clk" ;
            0 items scored, 0 timing errors detected.
--------------------------------------------------------------------------------


================================================================================
Preference: INPUT_SETUP PORT "reset" 50.000000 ns CLKNET "clk" ;
            0 items scored, 0 timing errors detected.
--------------------------------------------------------------------------------

Report Summary
--------------
----------------------------------------------------------------------------
Preference(MIN Delays)                  |   Constraint|       Actual|Levels
----------------------------------------------------------------------------
                                        |             |             |
FREQUENCY NET "clk" 20.460000 MHz ;     |            -|            -|   0  
                                        |             |             |
FREQUENCY NET "CLKOS" 0.156250 MHz ;    |     0.000 ns|     0.258 ns|   1  
                                        |             |             |
FREQUENCY NET "pll_inst/CLKOP"          |             |             |
10.000000 MHz ;                         |            -|            -|   0  
                                        |             |             |
INPUT_SETUP ALLPORTS 50.000000 ns HOLD  |             |             |
12.000000 ns CLKNET "clk" ;             |            -|            -|   0  
                                        |             |             |
INPUT_SETUP PORT "reset" 50.000000 ns   |             |             |
CLKNET "clk" ;                          |            -|            -|   0  
                                        |             |             |
----------------------------------------------------------------------------


All preferences were met.


Clock Domains Analysis
------------------------

Found 4 clocks:

Clock Domain: pll_inst/CLKOP   Source: pll_inst/PLLInst_0.CLKOP   Loads: 1
   No transfer within this clock domain is found

Clock Domain: pc_clk   Source: psc/SLICE_8.Q0   Loads: 10
   No transfer within this clock domain is found

Clock Domain: clk   Source: OSCinst0.OSC   Loads: 1
   No transfer within this clock domain is found

Clock Domain: CLKOS   Source: pll_inst/PLLInst_0.CLKOS3   Loads: 5
   Covered under: FREQUENCY NET "CLKOS" 0.156250 MHz ;


Timing summary (Hold):
---------------

Timing errors: 0  Score: 0
Cumulative negative slack: 0

Constraints cover 37 paths, 3 nets, and 39 connections (33.05% coverage)



Timing summary (Setup and Hold):
---------------

Timing errors: 0 (setup), 0 (hold)
Score: 0 (setup), 0 (hold)
Cumulative negative slack: 0 (0+0)
--------------------------------------------------------------------------------

--------------------------------------------------------------------------------

